07:15:19 **** Incremental Build of configuration Debug for project prj_ght_vent_3 ****
make -j8 all 
arm-none-eabi-gcc "C:/Rep/MexBiosDevelopmentStudio_LL_STM32CubeIDE/Libraries/STM32F4XX/boards/ght_vent_3/src/board_ght_vent_3.c" -mcpu=cortex-m4 -std=gnu11 -g3 -DDEBUG -DUSE_FULL_LL_DRIVER -DSTM32F405xx -DFLASH_MBS_CFG -DLM_IQ_MATH -DUSE_FULL_ASSERT -DGHT_VENT_3 -DMB1_MODE=MB_RTU_SLAVE -DMB1_ADR=1 -DMB1_PARITY=0 -DMB1_SPEED=1152 -DMB1_STOPBIT=1 -DMB2 -DMB2_ADR=2 -DMB2_SPEED=192 -DMB2_PARITY=2 -DMB2_STOPBIT=1 -DMB2_MODE=MB_RTU_SLAVE -DUSE_HAL_DRIVER -DMB_UNLOCK_LIB -c -I../.. -I../../mbs_drivers -I../Drivers/CMSIS/Include -I../../boards/ght_vent_3/inc -I../Drivers/STM32F4xx_HAL_Driver/Inc -I../Core/Inc -I../Drivers/CMSIS/Device/ST/STM32F4xx/Include -I../. -I../../../Common -I../Drivers/STM32F4xx_HAL_Driver/Inc/Legacy -O0 -ffunction-sections -fdata-sections -Wall -fstack-usage -fcyclomatic-complexity -MMD -MP -MF"src/board_ght_vent_3.d" -MT"src/board_ght_vent_3.o" --specs=nano.specs -mfpu=fpv4-sp-d16 -mfloat-abi=hard -mthumb -o "src/board_ght_vent_3.o"
arm-none-eabi-gcc "C:/Rep/MexBiosDevelopmentStudio_LL_STM32CubeIDE/Libraries/STM32F4XX/boards/ght_vent_3/src/mbs_main.c" -mcpu=cortex-m4 -std=gnu11 -g3 -DDEBUG -DUSE_FULL_LL_DRIVER -DSTM32F405xx -DFLASH_MBS_CFG -DLM_IQ_MATH -DUSE_FULL_ASSERT -DGHT_VENT_3 -DMB1_MODE=MB_RTU_SLAVE -DMB1_ADR=1 -DMB1_PARITY=0 -DMB1_SPEED=1152 -DMB1_STOPBIT=1 -DMB2 -DMB2_ADR=2 -DMB2_SPEED=192 -DMB2_PARITY=2 -DMB2_STOPBIT=1 -DMB2_MODE=MB_RTU_SLAVE -DUSE_HAL_DRIVER -DMB_UNLOCK_LIB -c -I../.. -I../../mbs_drivers -I../Drivers/CMSIS/Include -I../../boards/ght_vent_3/inc -I../Drivers/STM32F4xx_HAL_Driver/Inc -I../Core/Inc -I../Drivers/CMSIS/Device/ST/STM32F4xx/Include -I../. -I../../../Common -I../Drivers/STM32F4xx_HAL_Driver/Inc/Legacy -O0 -ffunction-sections -fdata-sections -Wall -fstack-usage -fcyclomatic-complexity -MMD -MP -MF"src/mbs_main.d" -MT"src/mbs_main.o" --specs=nano.specs -mfpu=fpv4-sp-d16 -mfloat-abi=hard -mthumb -o "src/mbs_main.o"
arm-none-eabi-gcc "C:/Rep/MexBiosDevelopmentStudio_LL_STM32CubeIDE/Libraries/STM32F4XX/mbs_drivers/MSP3202.c" -mcpu=cortex-m4 -std=gnu11 -g3 -DDEBUG -DUSE_FULL_LL_DRIVER -DSTM32F405xx -DFLASH_MBS_CFG -DLM_IQ_MATH -DUSE_FULL_ASSERT -DGHT_VENT_3 -DMB1_MODE=MB_RTU_SLAVE -DMB1_ADR=1 -DMB1_PARITY=0 -DMB1_SPEED=1152 -DMB1_STOPBIT=1 -DMB2 -DMB2_ADR=2 -DMB2_SPEED=192 -DMB2_PARITY=2 -DMB2_STOPBIT=1 -DMB2_MODE=MB_RTU_SLAVE -DUSE_HAL_DRIVER -DMB_UNLOCK_LIB -c -I../.. -I../../mbs_drivers -I../Drivers/CMSIS/Include -I../../boards/ght_vent_3/inc -I../Drivers/STM32F4xx_HAL_Driver/Inc -I../Core/Inc -I../Drivers/CMSIS/Device/ST/STM32F4xx/Include -I../. -I../../../Common -I../Drivers/STM32F4xx_HAL_Driver/Inc/Legacy -O0 -ffunction-sections -fdata-sections -Wall -fstack-usage -fcyclomatic-complexity -MMD -MP -MF"mbs_drivers/MSP3202.d" -MT"mbs_drivers/MSP3202.o" --specs=nano.specs -mfpu=fpv4-sp-d16 -mfloat-abi=hard -mthumb -o "mbs_drivers/MSP3202.o"
arm-none-eabi-gcc "C:/Rep/MexBiosDevelopmentStudio_LL_STM32CubeIDE/Libraries/STM32F4XX/mbs_drivers/enc_driver.c" -mcpu=cortex-m4 -std=gnu11 -g3 -DDEBUG -DUSE_FULL_LL_DRIVER -DSTM32F405xx -DFLASH_MBS_CFG -DLM_IQ_MATH -DUSE_FULL_ASSERT -DGHT_VENT_3 -DMB1_MODE=MB_RTU_SLAVE -DMB1_ADR=1 -DMB1_PARITY=0 -DMB1_SPEED=1152 -DMB1_STOPBIT=1 -DMB2 -DMB2_ADR=2 -DMB2_SPEED=192 -DMB2_PARITY=2 -DMB2_STOPBIT=1 -DMB2_MODE=MB_RTU_SLAVE -DUSE_HAL_DRIVER -DMB_UNLOCK_LIB -c -I../.. -I../../mbs_drivers -I../Drivers/CMSIS/Include -I../../boards/ght_vent_3/inc -I../Drivers/STM32F4xx_HAL_Driver/Inc -I../Core/Inc -I../Drivers/CMSIS/Device/ST/STM32F4xx/Include -I../. -I../../../Common -I../Drivers/STM32F4xx_HAL_Driver/Inc/Legacy -O0 -ffunction-sections -fdata-sections -Wall -fstack-usage -fcyclomatic-complexity -MMD -MP -MF"mbs_drivers/enc_driver.d" -MT"mbs_drivers/enc_driver.o" --specs=nano.specs -mfpu=fpv4-sp-d16 -mfloat-abi=hard -mthumb -o "mbs_drivers/enc_driver.o"
arm-none-eabi-gcc "C:/Rep/MexBiosDevelopmentStudio_LL_STM32CubeIDE/Libraries/STM32F4XX/mbs_drivers/errno.c" -mcpu=cortex-m4 -std=gnu11 -g3 -DDEBUG -DUSE_FULL_LL_DRIVER -DSTM32F405xx -DFLASH_MBS_CFG -DLM_IQ_MATH -DUSE_FULL_ASSERT -DGHT_VENT_3 -DMB1_MODE=MB_RTU_SLAVE -DMB1_ADR=1 -DMB1_PARITY=0 -DMB1_SPEED=1152 -DMB1_STOPBIT=1 -DMB2 -DMB2_ADR=2 -DMB2_SPEED=192 -DMB2_PARITY=2 -DMB2_STOPBIT=1 -DMB2_MODE=MB_RTU_SLAVE -DUSE_HAL_DRIVER -DMB_UNLOCK_LIB -c -I../.. -I../../mbs_drivers -I../Drivers/CMSIS/Include -I../../boards/ght_vent_3/inc -I../Drivers/STM32F4xx_HAL_Driver/Inc -I../Core/Inc -I../Drivers/CMSIS/Device/ST/STM32F4xx/Include -I../. -I../../../Common -I../Drivers/STM32F4xx_HAL_Driver/Inc/Legacy -O0 -ffunction-sections -fdata-sections -Wall -fstack-usage -fcyclomatic-complexity -MMD -MP -MF"mbs_drivers/errno.d" -MT"mbs_drivers/errno.o" --specs=nano.specs -mfpu=fpv4-sp-d16 -mfloat-abi=hard -mthumb -o "mbs_drivers/errno.o"
arm-none-eabi-gcc "C:/Rep/MexBiosDevelopmentStudio_LL_STM32CubeIDE/Libraries/STM32F4XX/mbs_drivers/m95x.c" -mcpu=cortex-m4 -std=gnu11 -g3 -DDEBUG -DUSE_FULL_LL_DRIVER -DSTM32F405xx -DFLASH_MBS_CFG -DLM_IQ_MATH -DUSE_FULL_ASSERT -DGHT_VENT_3 -DMB1_MODE=MB_RTU_SLAVE -DMB1_ADR=1 -DMB1_PARITY=0 -DMB1_SPEED=1152 -DMB1_STOPBIT=1 -DMB2 -DMB2_ADR=2 -DMB2_SPEED=192 -DMB2_PARITY=2 -DMB2_STOPBIT=1 -DMB2_MODE=MB_RTU_SLAVE -DUSE_HAL_DRIVER -DMB_UNLOCK_LIB -c -I../.. -I../../mbs_drivers -I../Drivers/CMSIS/Include -I../../boards/ght_vent_3/inc -I../Drivers/STM32F4xx_HAL_Driver/Inc -I../Core/Inc -I../Drivers/CMSIS/Device/ST/STM32F4xx/Include -I../. -I../../../Common -I../Drivers/STM32F4xx_HAL_Driver/Inc/Legacy -O0 -ffunction-sections -fdata-sections -Wall -fstack-usage -fcyclomatic-complexity -MMD -MP -MF"mbs_drivers/m95x.d" -MT"mbs_drivers/m95x.o" --specs=nano.specs -mfpu=fpv4-sp-d16 -mfloat-abi=hard -mthumb -o "mbs_drivers/m95x.o"
arm-none-eabi-gcc "C:/Rep/MexBiosDevelopmentStudio_LL_STM32CubeIDE/Libraries/STM32F4XX/mbs_drivers/mbs_adc.c" -mcpu=cortex-m4 -std=gnu11 -g3 -DDEBUG -DUSE_FULL_LL_DRIVER -DSTM32F405xx -DFLASH_MBS_CFG -DLM_IQ_MATH -DUSE_FULL_ASSERT -DGHT_VENT_3 -DMB1_MODE=MB_RTU_SLAVE -DMB1_ADR=1 -DMB1_PARITY=0 -DMB1_SPEED=1152 -DMB1_STOPBIT=1 -DMB2 -DMB2_ADR=2 -DMB2_SPEED=192 -DMB2_PARITY=2 -DMB2_STOPBIT=1 -DMB2_MODE=MB_RTU_SLAVE -DUSE_HAL_DRIVER -DMB_UNLOCK_LIB -c -I../.. -I../../mbs_drivers -I../Drivers/CMSIS/Include -I../../boards/ght_vent_3/inc -I../Drivers/STM32F4xx_HAL_Driver/Inc -I../Core/Inc -I../Drivers/CMSIS/Device/ST/STM32F4xx/Include -I../. -I../../../Common -I../Drivers/STM32F4xx_HAL_Driver/Inc/Legacy -O0 -ffunction-sections -fdata-sections -Wall -fstack-usage -fcyclomatic-complexity -MMD -MP -MF"mbs_drivers/mbs_adc.d" -MT"mbs_drivers/mbs_adc.o" --specs=nano.specs -mfpu=fpv4-sp-d16 -mfloat-abi=hard -mthumb -o "mbs_drivers/mbs_adc.o"
arm-none-eabi-gcc "C:/Rep/MexBiosDevelopmentStudio_LL_STM32CubeIDE/Libraries/STM32F4XX/mbs_drivers/mbs_can.c" -mcpu=cortex-m4 -std=gnu11 -g3 -DDEBUG -DUSE_FULL_LL_DRIVER -DSTM32F405xx -DFLASH_MBS_CFG -DLM_IQ_MATH -DUSE_FULL_ASSERT -DGHT_VENT_3 -DMB1_MODE=MB_RTU_SLAVE -DMB1_ADR=1 -DMB1_PARITY=0 -DMB1_SPEED=1152 -DMB1_STOPBIT=1 -DMB2 -DMB2_ADR=2 -DMB2_SPEED=192 -DMB2_PARITY=2 -DMB2_STOPBIT=1 -DMB2_MODE=MB_RTU_SLAVE -DUSE_HAL_DRIVER -DMB_UNLOCK_LIB -c -I../.. -I../../mbs_drivers -I../Drivers/CMSIS/Include -I../../boards/ght_vent_3/inc -I../Drivers/STM32F4xx_HAL_Driver/Inc -I../Core/Inc -I../Drivers/CMSIS/Device/ST/STM32F4xx/Include -I../. -I../../../Common -I../Drivers/STM32F4xx_HAL_Driver/Inc/Legacy -O0 -ffunction-sections -fdata-sections -Wall -fstack-usage -fcyclomatic-complexity -MMD -MP -MF"mbs_drivers/mbs_can.d" -MT"mbs_drivers/mbs_can.o" --specs=nano.specs -mfpu=fpv4-sp-d16 -mfloat-abi=hard -mthumb -o "mbs_drivers/mbs_can.o"
arm-none-eabi-gcc "C:/Rep/MexBiosDevelopmentStudio_LL_STM32CubeIDE/Libraries/STM32F4XX/mbs_drivers/mbs_delay.c" -mcpu=cortex-m4 -std=gnu11 -g3 -DDEBUG -DUSE_FULL_LL_DRIVER -DSTM32F405xx -DFLASH_MBS_CFG -DLM_IQ_MATH -DUSE_FULL_ASSERT -DGHT_VENT_3 -DMB1_MODE=MB_RTU_SLAVE -DMB1_ADR=1 -DMB1_PARITY=0 -DMB1_SPEED=1152 -DMB1_STOPBIT=1 -DMB2 -DMB2_ADR=2 -DMB2_SPEED=192 -DMB2_PARITY=2 -DMB2_STOPBIT=1 -DMB2_MODE=MB_RTU_SLAVE -DUSE_HAL_DRIVER -DMB_UNLOCK_LIB -c -I../.. -I../../mbs_drivers -I../Drivers/CMSIS/Include -I../../boards/ght_vent_3/inc -I../Drivers/STM32F4xx_HAL_Driver/Inc -I../Core/Inc -I../Drivers/CMSIS/Device/ST/STM32F4xx/Include -I../. -I../../../Common -I../Drivers/STM32F4xx_HAL_Driver/Inc/Legacy -O0 -ffunction-sections -fdata-sections -Wall -fstack-usage -fcyclomatic-complexity -MMD -MP -MF"mbs_drivers/mbs_delay.d" -MT"mbs_drivers/mbs_delay.o" --specs=nano.specs -mfpu=fpv4-sp-d16 -mfloat-abi=hard -mthumb -o "mbs_drivers/mbs_delay.o"
arm-none-eabi-gcc "C:/Rep/MexBiosDevelopmentStudio_LL_STM32CubeIDE/Libraries/STM32F4XX/mbs_drivers/mbs_dma.c" -mcpu=cortex-m4 -std=gnu11 -g3 -DDEBUG -DUSE_FULL_LL_DRIVER -DSTM32F405xx -DFLASH_MBS_CFG -DLM_IQ_MATH -DUSE_FULL_ASSERT -DGHT_VENT_3 -DMB1_MODE=MB_RTU_SLAVE -DMB1_ADR=1 -DMB1_PARITY=0 -DMB1_SPEED=1152 -DMB1_STOPBIT=1 -DMB2 -DMB2_ADR=2 -DMB2_SPEED=192 -DMB2_PARITY=2 -DMB2_STOPBIT=1 -DMB2_MODE=MB_RTU_SLAVE -DUSE_HAL_DRIVER -DMB_UNLOCK_LIB -c -I../.. -I../../mbs_drivers -I../Drivers/CMSIS/Include -I../../boards/ght_vent_3/inc -I../Drivers/STM32F4xx_HAL_Driver/Inc -I../Core/Inc -I../Drivers/CMSIS/Device/ST/STM32F4xx/Include -I../. -I../../../Common -I../Drivers/STM32F4xx_HAL_Driver/Inc/Legacy -O0 -ffunction-sections -fdata-sections -Wall -fstack-usage -fcyclomatic-complexity -MMD -MP -MF"mbs_drivers/mbs_dma.d" -MT"mbs_drivers/mbs_dma.o" --specs=nano.specs -mfpu=fpv4-sp-d16 -mfloat-abi=hard -mthumb -o "mbs_drivers/mbs_dma.o"
arm-none-eabi-gcc "C:/Rep/MexBiosDevelopmentStudio_LL_STM32CubeIDE/Libraries/STM32F4XX/mbs_drivers/mbs_flash.c" -mcpu=cortex-m4 -std=gnu11 -g3 -DDEBUG -DUSE_FULL_LL_DRIVER -DSTM32F405xx -DFLASH_MBS_CFG -DLM_IQ_MATH -DUSE_FULL_ASSERT -DGHT_VENT_3 -DMB1_MODE=MB_RTU_SLAVE -DMB1_ADR=1 -DMB1_PARITY=0 -DMB1_SPEED=1152 -DMB1_STOPBIT=1 -DMB2 -DMB2_ADR=2 -DMB2_SPEED=192 -DMB2_PARITY=2 -DMB2_STOPBIT=1 -DMB2_MODE=MB_RTU_SLAVE -DUSE_HAL_DRIVER -DMB_UNLOCK_LIB -c -I../.. -I../../mbs_drivers -I../Drivers/CMSIS/Include -I../../boards/ght_vent_3/inc -I../Drivers/STM32F4xx_HAL_Driver/Inc -I../Core/Inc -I../Drivers/CMSIS/Device/ST/STM32F4xx/Include -I../. -I../../../Common -I../Drivers/STM32F4xx_HAL_Driver/Inc/Legacy -O0 -ffunction-sections -fdata-sections -Wall -fstack-usage -fcyclomatic-complexity -MMD -MP -MF"mbs_drivers/mbs_flash.d" -MT"mbs_drivers/mbs_flash.o" --specs=nano.specs -mfpu=fpv4-sp-d16 -mfloat-abi=hard -mthumb -o "mbs_drivers/mbs_flash.o"
arm-none-eabi-gcc "C:/Rep/MexBiosDevelopmentStudio_LL_STM32CubeIDE/Libraries/STM32F4XX/mbs_drivers/mbs_gpio.c" -mcpu=cortex-m4 -std=gnu11 -g3 -DDEBUG -DUSE_FULL_LL_DRIVER -DSTM32F405xx -DFLASH_MBS_CFG -DLM_IQ_MATH -DUSE_FULL_ASSERT -DGHT_VENT_3 -DMB1_MODE=MB_RTU_SLAVE -DMB1_ADR=1 -DMB1_PARITY=0 -DMB1_SPEED=1152 -DMB1_STOPBIT=1 -DMB2 -DMB2_ADR=2 -DMB2_SPEED=192 -DMB2_PARITY=2 -DMB2_STOPBIT=1 -DMB2_MODE=MB_RTU_SLAVE -DUSE_HAL_DRIVER -DMB_UNLOCK_LIB -c -I../.. -I../../mbs_drivers -I../Drivers/CMSIS/Include -I../../boards/ght_vent_3/inc -I../Drivers/STM32F4xx_HAL_Driver/Inc -I../Core/Inc -I../Drivers/CMSIS/Device/ST/STM32F4xx/Include -I../. -I../../../Common -I../Drivers/STM32F4xx_HAL_Driver/Inc/Legacy -O0 -ffunction-sections -fdata-sections -Wall -fstack-usage -fcyclomatic-complexity -MMD -MP -MF"mbs_drivers/mbs_gpio.d" -MT"mbs_drivers/mbs_gpio.o" --specs=nano.specs -mfpu=fpv4-sp-d16 -mfloat-abi=hard -mthumb -o "mbs_drivers/mbs_gpio.o"
arm-none-eabi-gcc "C:/Rep/MexBiosDevelopmentStudio_LL_STM32CubeIDE/Libraries/STM32F4XX/mbs_drivers/mbs_i2c.c" -mcpu=cortex-m4 -std=gnu11 -g3 -DDEBUG -DUSE_FULL_LL_DRIVER -DSTM32F405xx -DFLASH_MBS_CFG -DLM_IQ_MATH -DUSE_FULL_ASSERT -DGHT_VENT_3 -DMB1_MODE=MB_RTU_SLAVE -DMB1_ADR=1 -DMB1_PARITY=0 -DMB1_SPEED=1152 -DMB1_STOPBIT=1 -DMB2 -DMB2_ADR=2 -DMB2_SPEED=192 -DMB2_PARITY=2 -DMB2_STOPBIT=1 -DMB2_MODE=MB_RTU_SLAVE -DUSE_HAL_DRIVER -DMB_UNLOCK_LIB -c -I../.. -I../../mbs_drivers -I../Drivers/CMSIS/Include -I../../boards/ght_vent_3/inc -I../Drivers/STM32F4xx_HAL_Driver/Inc -I../Core/Inc -I../Drivers/CMSIS/Device/ST/STM32F4xx/Include -I../. -I../../../Common -I../Drivers/STM32F4xx_HAL_Driver/Inc/Legacy -O0 -ffunction-sections -fdata-sections -Wall -fstack-usage -fcyclomatic-complexity -MMD -MP -MF"mbs_drivers/mbs_i2c.d" -MT"mbs_drivers/mbs_i2c.o" --specs=nano.specs -mfpu=fpv4-sp-d16 -mfloat-abi=hard -mthumb -o "mbs_drivers/mbs_i2c.o"
arm-none-eabi-gcc "C:/Rep/MexBiosDevelopmentStudio_LL_STM32CubeIDE/Libraries/STM32F4XX/mbs_drivers/mbs_iwdg.c" -mcpu=cortex-m4 -std=gnu11 -g3 -DDEBUG -DUSE_FULL_LL_DRIVER -DSTM32F405xx -DFLASH_MBS_CFG -DLM_IQ_MATH -DUSE_FULL_ASSERT -DGHT_VENT_3 -DMB1_MODE=MB_RTU_SLAVE -DMB1_ADR=1 -DMB1_PARITY=0 -DMB1_SPEED=1152 -DMB1_STOPBIT=1 -DMB2 -DMB2_ADR=2 -DMB2_SPEED=192 -DMB2_PARITY=2 -DMB2_STOPBIT=1 -DMB2_MODE=MB_RTU_SLAVE -DUSE_HAL_DRIVER -DMB_UNLOCK_LIB -c -I../.. -I../../mbs_drivers -I../Drivers/CMSIS/Include -I../../boards/ght_vent_3/inc -I../Drivers/STM32F4xx_HAL_Driver/Inc -I../Core/Inc -I../Drivers/CMSIS/Device/ST/STM32F4xx/Include -I../. -I../../../Common -I../Drivers/STM32F4xx_HAL_Driver/Inc/Legacy -O0 -ffunction-sections -fdata-sections -Wall -fstack-usage -fcyclomatic-complexity -MMD -MP -MF"mbs_drivers/mbs_iwdg.d" -MT"mbs_drivers/mbs_iwdg.o" --specs=nano.specs -mfpu=fpv4-sp-d16 -mfloat-abi=hard -mthumb -o "mbs_drivers/mbs_iwdg.o"
arm-none-eabi-gcc "C:/Rep/MexBiosDevelopmentStudio_LL_STM32CubeIDE/Libraries/STM32F4XX/mbs_drivers/mbs_modbus_rtu.c" -mcpu=cortex-m4 -std=gnu11 -g3 -DDEBUG -DUSE_FULL_LL_DRIVER -DSTM32F405xx -DFLASH_MBS_CFG -DLM_IQ_MATH -DUSE_FULL_ASSERT -DGHT_VENT_3 -DMB1_MODE=MB_RTU_SLAVE -DMB1_ADR=1 -DMB1_PARITY=0 -DMB1_SPEED=1152 -DMB1_STOPBIT=1 -DMB2 -DMB2_ADR=2 -DMB2_SPEED=192 -DMB2_PARITY=2 -DMB2_STOPBIT=1 -DMB2_MODE=MB_RTU_SLAVE -DUSE_HAL_DRIVER -DMB_UNLOCK_LIB -c -I../.. -I../../mbs_drivers -I../Drivers/CMSIS/Include -I../../boards/ght_vent_3/inc -I../Drivers/STM32F4xx_HAL_Driver/Inc -I../Core/Inc -I../Drivers/CMSIS/Device/ST/STM32F4xx/Include -I../. -I../../../Common -I../Drivers/STM32F4xx_HAL_Driver/Inc/Legacy -O0 -ffunction-sections -fdata-sections -Wall -fstack-usage -fcyclomatic-complexity -MMD -MP -MF"mbs_drivers/mbs_modbus_rtu.d" -MT"mbs_drivers/mbs_modbus_rtu.o" --specs=nano.specs -mfpu=fpv4-sp-d16 -mfloat-abi=hard -mthumb -o "mbs_drivers/mbs_modbus_rtu.o"
arm-none-eabi-gcc "C:/Rep/MexBiosDevelopmentStudio_LL_STM32CubeIDE/Libraries/STM32F4XX/mbs_drivers/mbs_sci.c" -mcpu=cortex-m4 -std=gnu11 -g3 -DDEBUG -DUSE_FULL_LL_DRIVER -DSTM32F405xx -DFLASH_MBS_CFG -DLM_IQ_MATH -DUSE_FULL_ASSERT -DGHT_VENT_3 -DMB1_MODE=MB_RTU_SLAVE -DMB1_ADR=1 -DMB1_PARITY=0 -DMB1_SPEED=1152 -DMB1_STOPBIT=1 -DMB2 -DMB2_ADR=2 -DMB2_SPEED=192 -DMB2_PARITY=2 -DMB2_STOPBIT=1 -DMB2_MODE=MB_RTU_SLAVE -DUSE_HAL_DRIVER -DMB_UNLOCK_LIB -c -I../.. -I../../mbs_drivers -I../Drivers/CMSIS/Include -I../../boards/ght_vent_3/inc -I../Drivers/STM32F4xx_HAL_Driver/Inc -I../Core/Inc -I../Drivers/CMSIS/Device/ST/STM32F4xx/Include -I../. -I../../../Common -I../Drivers/STM32F4xx_HAL_Driver/Inc/Legacy -O0 -ffunction-sections -fdata-sections -Wall -fstack-usage -fcyclomatic-complexity -MMD -MP -MF"mbs_drivers/mbs_sci.d" -MT"mbs_drivers/mbs_sci.o" --specs=nano.specs -mfpu=fpv4-sp-d16 -mfloat-abi=hard -mthumb -o "mbs_drivers/mbs_sci.o"
C:/Rep/MexBiosDevelopmentStudio_LL_STM32CubeIDE/Libraries/STM32F4XX/mbs_drivers/mbs_sci.c: In function 'SCI_deinit':
C:/Rep/MexBiosDevelopmentStudio_LL_STM32CubeIDE/Libraries/STM32F4XX/mbs_drivers/mbs_sci.c:111:11: warning: unused variable 'usartDr' [-Wunused-variable]
  111 |  uint32_t usartDr = USARTx->DR;
      |           ^~~~~~~
C:/Rep/MexBiosDevelopmentStudio_LL_STM32CubeIDE/Libraries/STM32F4XX/mbs_drivers/mbs_sci.c:110:11: warning: unused variable 'usartSr' [-Wunused-variable]
  110 |  uint32_t usartSr = USARTx->SR;
      |           ^~~~~~~
arm-none-eabi-gcc "C:/Rep/MexBiosDevelopmentStudio_LL_STM32CubeIDE/Libraries/STM32F4XX/mbs_drivers/mbs_spi.c" -mcpu=cortex-m4 -std=gnu11 -g3 -DDEBUG -DUSE_FULL_LL_DRIVER -DSTM32F405xx -DFLASH_MBS_CFG -DLM_IQ_MATH -DUSE_FULL_ASSERT -DGHT_VENT_3 -DMB1_MODE=MB_RTU_SLAVE -DMB1_ADR=1 -DMB1_PARITY=0 -DMB1_SPEED=1152 -DMB1_STOPBIT=1 -DMB2 -DMB2_ADR=2 -DMB2_SPEED=192 -DMB2_PARITY=2 -DMB2_STOPBIT=1 -DMB2_MODE=MB_RTU_SLAVE -DUSE_HAL_DRIVER -DMB_UNLOCK_LIB -c -I../.. -I../../mbs_drivers -I../Drivers/CMSIS/Include -I../../boards/ght_vent_3/inc -I../Drivers/STM32F4xx_HAL_Driver/Inc -I../Core/Inc -I../Drivers/CMSIS/Device/ST/STM32F4xx/Include -I../. -I../../../Common -I../Drivers/STM32F4xx_HAL_Driver/Inc/Legacy -O0 -ffunction-sections -fdata-sections -Wall -fstack-usage -fcyclomatic-complexity -MMD -MP -MF"mbs_drivers/mbs_spi.d" -MT"mbs_drivers/mbs_spi.o" --specs=nano.specs -mfpu=fpv4-sp-d16 -mfloat-abi=hard -mthumb -o "mbs_drivers/mbs_spi.o"
arm-none-eabi-gcc "C:/Rep/MexBiosDevelopmentStudio_LL_STM32CubeIDE/Libraries/STM32F4XX/mbs_drivers/mbs_tim.c" -mcpu=cortex-m4 -std=gnu11 -g3 -DDEBUG -DUSE_FULL_LL_DRIVER -DSTM32F405xx -DFLASH_MBS_CFG -DLM_IQ_MATH -DUSE_FULL_ASSERT -DGHT_VENT_3 -DMB1_MODE=MB_RTU_SLAVE -DMB1_ADR=1 -DMB1_PARITY=0 -DMB1_SPEED=1152 -DMB1_STOPBIT=1 -DMB2 -DMB2_ADR=2 -DMB2_SPEED=192 -DMB2_PARITY=2 -DMB2_STOPBIT=1 -DMB2_MODE=MB_RTU_SLAVE -DUSE_HAL_DRIVER -DMB_UNLOCK_LIB -c -I../.. -I../../mbs_drivers -I../Drivers/CMSIS/Include -I../../boards/ght_vent_3/inc -I../Drivers/STM32F4xx_HAL_Driver/Inc -I../Core/Inc -I../Drivers/CMSIS/Device/ST/STM32F4xx/Include -I../. -I../../../Common -I../Drivers/STM32F4xx_HAL_Driver/Inc/Legacy -O0 -ffunction-sections -fdata-sections -Wall -fstack-usage -fcyclomatic-complexity -MMD -MP -MF"mbs_drivers/mbs_tim.d" -MT"mbs_drivers/mbs_tim.o" --specs=nano.specs -mfpu=fpv4-sp-d16 -mfloat-abi=hard -mthumb -o "mbs_drivers/mbs_tim.o"
arm-none-eabi-gcc "C:/Rep/MexBiosDevelopmentStudio_LL_STM32CubeIDE/Libraries/STM32F4XX/mbs_drivers/mbs_wwdg.c" -mcpu=cortex-m4 -std=gnu11 -g3 -DDEBUG -DUSE_FULL_LL_DRIVER -DSTM32F405xx -DFLASH_MBS_CFG -DLM_IQ_MATH -DUSE_FULL_ASSERT -DGHT_VENT_3 -DMB1_MODE=MB_RTU_SLAVE -DMB1_ADR=1 -DMB1_PARITY=0 -DMB1_SPEED=1152 -DMB1_STOPBIT=1 -DMB2 -DMB2_ADR=2 -DMB2_SPEED=192 -DMB2_PARITY=2 -DMB2_STOPBIT=1 -DMB2_MODE=MB_RTU_SLAVE -DUSE_HAL_DRIVER -DMB_UNLOCK_LIB -c -I../.. -I../../mbs_drivers -I../Drivers/CMSIS/Include -I../../boards/ght_vent_3/inc -I../Drivers/STM32F4xx_HAL_Driver/Inc -I../Core/Inc -I../Drivers/CMSIS/Device/ST/STM32F4xx/Include -I../. -I../../../Common -I../Drivers/STM32F4xx_HAL_Driver/Inc/Legacy -O0 -ffunction-sections -fdata-sections -Wall -fstack-usage -fcyclomatic-complexity -MMD -MP -MF"mbs_drivers/mbs_wwdg.d" -MT"mbs_drivers/mbs_wwdg.o" --specs=nano.specs -mfpu=fpv4-sp-d16 -mfloat-abi=hard -mthumb -o "mbs_drivers/mbs_wwdg.o"
arm-none-eabi-gcc "C:/Rep/MexBiosDevelopmentStudio_LL_STM32CubeIDE/Libraries/STM32F4XX/mbs_drivers/pfunc.c" -mcpu=cortex-m4 -std=gnu11 -g3 -DDEBUG -DUSE_FULL_LL_DRIVER -DSTM32F405xx -DFLASH_MBS_CFG -DLM_IQ_MATH -DUSE_FULL_ASSERT -DGHT_VENT_3 -DMB1_MODE=MB_RTU_SLAVE -DMB1_ADR=1 -DMB1_PARITY=0 -DMB1_SPEED=1152 -DMB1_STOPBIT=1 -DMB2 -DMB2_ADR=2 -DMB2_SPEED=192 -DMB2_PARITY=2 -DMB2_STOPBIT=1 -DMB2_MODE=MB_RTU_SLAVE -DUSE_HAL_DRIVER -DMB_UNLOCK_LIB -c -I../.. -I../../mbs_drivers -I../Drivers/CMSIS/Include -I../../boards/ght_vent_3/inc -I../Drivers/STM32F4xx_HAL_Driver/Inc -I../Core/Inc -I../Drivers/CMSIS/Device/ST/STM32F4xx/Include -I../. -I../../../Common -I../Drivers/STM32F4xx_HAL_Driver/Inc/Legacy -O0 -ffunction-sections -fdata-sections -Wall -fstack-usage -fcyclomatic-complexity -MMD -MP -MF"mbs_drivers/pfunc.d" -MT"mbs_drivers/pfunc.o" --specs=nano.specs -mfpu=fpv4-sp-d16 -mfloat-abi=hard -mthumb -o "mbs_drivers/pfunc.o"
arm-none-eabi-gcc "C:/Rep/MexBiosDevelopmentStudio_LL_STM32CubeIDE/Libraries/STM32F4XX/mbs_drivers/reg_access.c" -mcpu=cortex-m4 -std=gnu11 -g3 -DDEBUG -DUSE_FULL_LL_DRIVER -DSTM32F405xx -DFLASH_MBS_CFG -DLM_IQ_MATH -DUSE_FULL_ASSERT -DGHT_VENT_3 -DMB1_MODE=MB_RTU_SLAVE -DMB1_ADR=1 -DMB1_PARITY=0 -DMB1_SPEED=1152 -DMB1_STOPBIT=1 -DMB2 -DMB2_ADR=2 -DMB2_SPEED=192 -DMB2_PARITY=2 -DMB2_STOPBIT=1 -DMB2_MODE=MB_RTU_SLAVE -DUSE_HAL_DRIVER -DMB_UNLOCK_LIB -c -I../.. -I../../mbs_drivers -I../Drivers/CMSIS/Include -I../../boards/ght_vent_3/inc -I../Drivers/STM32F4xx_HAL_Driver/Inc -I../Core/Inc -I../Drivers/CMSIS/Device/ST/STM32F4xx/Include -I../. -I../../../Common -I../Drivers/STM32F4xx_HAL_Driver/Inc/Legacy -O0 -ffunction-sections -fdata-sections -Wall -fstack-usage -fcyclomatic-complexity -MMD -MP -MF"mbs_drivers/reg_access.d" -MT"mbs_drivers/reg_access.o" --specs=nano.specs -mfpu=fpv4-sp-d16 -mfloat-abi=hard -mthumb -o "mbs_drivers/reg_access.o"
arm-none-eabi-gcc "../Drivers/STM32F4xx_HAL_Driver/Src/stm32f4xx_hal.c" -mcpu=cortex-m4 -std=gnu11 -g3 -DDEBUG -DUSE_FULL_LL_DRIVER -DSTM32F405xx -DFLASH_MBS_CFG -DLM_IQ_MATH -DUSE_FULL_ASSERT -DGHT_VENT_3 -DMB1_MODE=MB_RTU_SLAVE -DMB1_ADR=1 -DMB1_PARITY=0 -DMB1_SPEED=1152 -DMB1_STOPBIT=1 -DMB2 -DMB2_ADR=2 -DMB2_SPEED=192 -DMB2_PARITY=2 -DMB2_STOPBIT=1 -DMB2_MODE=MB_RTU_SLAVE -DUSE_HAL_DRIVER -DMB_UNLOCK_LIB -c -I../.. -I../../mbs_drivers -I../Drivers/CMSIS/Include -I../../boards/ght_vent_3/inc -I../Drivers/STM32F4xx_HAL_Driver/Inc -I../Core/Inc -I../Drivers/CMSIS/Device/ST/STM32F4xx/Include -I../. -I../../../Common -I../Drivers/STM32F4xx_HAL_Driver/Inc/Legacy -O0 -ffunction-sections -fdata-sections -Wall -fstack-usage -fcyclomatic-complexity -MMD -MP -MF"Drivers/STM32F4xx_HAL_Driver/Src/stm32f4xx_hal.d" -MT"Drivers/STM32F4xx_HAL_Driver/Src/stm32f4xx_hal.o" --specs=nano.specs -mfpu=fpv4-sp-d16 -mfloat-abi=hard -mthumb -o "Drivers/STM32F4xx_HAL_Driver/Src/stm32f4xx_hal.o"
arm-none-eabi-gcc "../Drivers/STM32F4xx_HAL_Driver/Src/stm32f4xx_hal_cortex.c" -mcpu=cortex-m4 -std=gnu11 -g3 -DDEBUG -DUSE_FULL_LL_DRIVER -DSTM32F405xx -DFLASH_MBS_CFG -DLM_IQ_MATH -DUSE_FULL_ASSERT -DGHT_VENT_3 -DMB1_MODE=MB_RTU_SLAVE -DMB1_ADR=1 -DMB1_PARITY=0 -DMB1_SPEED=1152 -DMB1_STOPBIT=1 -DMB2 -DMB2_ADR=2 -DMB2_SPEED=192 -DMB2_PARITY=2 -DMB2_STOPBIT=1 -DMB2_MODE=MB_RTU_SLAVE -DUSE_HAL_DRIVER -DMB_UNLOCK_LIB -c -I../.. -I../../mbs_drivers -I../Drivers/CMSIS/Include -I../../boards/ght_vent_3/inc -I../Drivers/STM32F4xx_HAL_Driver/Inc -I../Core/Inc -I../Drivers/CMSIS/Device/ST/STM32F4xx/Include -I../. -I../../../Common -I../Drivers/STM32F4xx_HAL_Driver/Inc/Legacy -O0 -ffunction-sections -fdata-sections -Wall -fstack-usage -fcyclomatic-complexity -MMD -MP -MF"Drivers/STM32F4xx_HAL_Driver/Src/stm32f4xx_hal_cortex.d" -MT"Drivers/STM32F4xx_HAL_Driver/Src/stm32f4xx_hal_cortex.o" --specs=nano.specs -mfpu=fpv4-sp-d16 -mfloat-abi=hard -mthumb -o "Drivers/STM32F4xx_HAL_Driver/Src/stm32f4xx_hal_cortex.o"
arm-none-eabi-gcc "../Drivers/STM32F4xx_HAL_Driver/Src/stm32f4xx_hal_dma.c" -mcpu=cortex-m4 -std=gnu11 -g3 -DDEBUG -DUSE_FULL_LL_DRIVER -DSTM32F405xx -DFLASH_MBS_CFG -DLM_IQ_MATH -DUSE_FULL_ASSERT -DGHT_VENT_3 -DMB1_MODE=MB_RTU_SLAVE -DMB1_ADR=1 -DMB1_PARITY=0 -DMB1_SPEED=1152 -DMB1_STOPBIT=1 -DMB2 -DMB2_ADR=2 -DMB2_SPEED=192 -DMB2_PARITY=2 -DMB2_STOPBIT=1 -DMB2_MODE=MB_RTU_SLAVE -DUSE_HAL_DRIVER -DMB_UNLOCK_LIB -c -I../.. -I../../mbs_drivers -I../Drivers/CMSIS/Include -I../../boards/ght_vent_3/inc -I../Drivers/STM32F4xx_HAL_Driver/Inc -I../Core/Inc -I../Drivers/CMSIS/Device/ST/STM32F4xx/Include -I../. -I../../../Common -I../Drivers/STM32F4xx_HAL_Driver/Inc/Legacy -O0 -ffunction-sections -fdata-sections -Wall -fstack-usage -fcyclomatic-complexity -MMD -MP -MF"Drivers/STM32F4xx_HAL_Driver/Src/stm32f4xx_hal_dma.d" -MT"Drivers/STM32F4xx_HAL_Driver/Src/stm32f4xx_hal_dma.o" --specs=nano.specs -mfpu=fpv4-sp-d16 -mfloat-abi=hard -mthumb -o "Drivers/STM32F4xx_HAL_Driver/Src/stm32f4xx_hal_dma.o"
arm-none-eabi-gcc "../Drivers/STM32F4xx_HAL_Driver/Src/stm32f4xx_hal_dma_ex.c" -mcpu=cortex-m4 -std=gnu11 -g3 -DDEBUG -DUSE_FULL_LL_DRIVER -DSTM32F405xx -DFLASH_MBS_CFG -DLM_IQ_MATH -DUSE_FULL_ASSERT -DGHT_VENT_3 -DMB1_MODE=MB_RTU_SLAVE -DMB1_ADR=1 -DMB1_PARITY=0 -DMB1_SPEED=1152 -DMB1_STOPBIT=1 -DMB2 -DMB2_ADR=2 -DMB2_SPEED=192 -DMB2_PARITY=2 -DMB2_STOPBIT=1 -DMB2_MODE=MB_RTU_SLAVE -DUSE_HAL_DRIVER -DMB_UNLOCK_LIB -c -I../.. -I../../mbs_drivers -I../Drivers/CMSIS/Include -I../../boards/ght_vent_3/inc -I../Drivers/STM32F4xx_HAL_Driver/Inc -I../Core/Inc -I../Drivers/CMSIS/Device/ST/STM32F4xx/Include -I../. -I../../../Common -I../Drivers/STM32F4xx_HAL_Driver/Inc/Legacy -O0 -ffunction-sections -fdata-sections -Wall -fstack-usage -fcyclomatic-complexity -MMD -MP -MF"Drivers/STM32F4xx_HAL_Driver/Src/stm32f4xx_hal_dma_ex.d" -MT"Drivers/STM32F4xx_HAL_Driver/Src/stm32f4xx_hal_dma_ex.o" --specs=nano.specs -mfpu=fpv4-sp-d16 -mfloat-abi=hard -mthumb -o "Drivers/STM32F4xx_HAL_Driver/Src/stm32f4xx_hal_dma_ex.o"
arm-none-eabi-gcc "../Drivers/STM32F4xx_HAL_Driver/Src/stm32f4xx_hal_exti.c" -mcpu=cortex-m4 -std=gnu11 -g3 -DDEBUG -DUSE_FULL_LL_DRIVER -DSTM32F405xx -DFLASH_MBS_CFG -DLM_IQ_MATH -DUSE_FULL_ASSERT -DGHT_VENT_3 -DMB1_MODE=MB_RTU_SLAVE -DMB1_ADR=1 -DMB1_PARITY=0 -DMB1_SPEED=1152 -DMB1_STOPBIT=1 -DMB2 -DMB2_ADR=2 -DMB2_SPEED=192 -DMB2_PARITY=2 -DMB2_STOPBIT=1 -DMB2_MODE=MB_RTU_SLAVE -DUSE_HAL_DRIVER -DMB_UNLOCK_LIB -c -I../.. -I../../mbs_drivers -I../Drivers/CMSIS/Include -I../../boards/ght_vent_3/inc -I../Drivers/STM32F4xx_HAL_Driver/Inc -I../Core/Inc -I../Drivers/CMSIS/Device/ST/STM32F4xx/Include -I../. -I../../../Common -I../Drivers/STM32F4xx_HAL_Driver/Inc/Legacy -O0 -ffunction-sections -fdata-sections -Wall -fstack-usage -fcyclomatic-complexity -MMD -MP -MF"Drivers/STM32F4xx_HAL_Driver/Src/stm32f4xx_hal_exti.d" -MT"Drivers/STM32F4xx_HAL_Driver/Src/stm32f4xx_hal_exti.o" --specs=nano.specs -mfpu=fpv4-sp-d16 -mfloat-abi=hard -mthumb -o "Drivers/STM32F4xx_HAL_Driver/Src/stm32f4xx_hal_exti.o"
arm-none-eabi-gcc "../Drivers/STM32F4xx_HAL_Driver/Src/stm32f4xx_hal_flash.c" -mcpu=cortex-m4 -std=gnu11 -g3 -DDEBUG -DUSE_FULL_LL_DRIVER -DSTM32F405xx -DFLASH_MBS_CFG -DLM_IQ_MATH -DUSE_FULL_ASSERT -DGHT_VENT_3 -DMB1_MODE=MB_RTU_SLAVE -DMB1_ADR=1 -DMB1_PARITY=0 -DMB1_SPEED=1152 -DMB1_STOPBIT=1 -DMB2 -DMB2_ADR=2 -DMB2_SPEED=192 -DMB2_PARITY=2 -DMB2_STOPBIT=1 -DMB2_MODE=MB_RTU_SLAVE -DUSE_HAL_DRIVER -DMB_UNLOCK_LIB -c -I../.. -I../../mbs_drivers -I../Drivers/CMSIS/Include -I../../boards/ght_vent_3/inc -I../Drivers/STM32F4xx_HAL_Driver/Inc -I../Core/Inc -I../Drivers/CMSIS/Device/ST/STM32F4xx/Include -I../. -I../../../Common -I../Drivers/STM32F4xx_HAL_Driver/Inc/Legacy -O0 -ffunction-sections -fdata-sections -Wall -fstack-usage -fcyclomatic-complexity -MMD -MP -MF"Drivers/STM32F4xx_HAL_Driver/Src/stm32f4xx_hal_flash.d" -MT"Drivers/STM32F4xx_HAL_Driver/Src/stm32f4xx_hal_flash.o" --specs=nano.specs -mfpu=fpv4-sp-d16 -mfloat-abi=hard -mthumb -o "Drivers/STM32F4xx_HAL_Driver/Src/stm32f4xx_hal_flash.o"
arm-none-eabi-gcc "../Drivers/STM32F4xx_HAL_Driver/Src/stm32f4xx_hal_flash_ex.c" -mcpu=cortex-m4 -std=gnu11 -g3 -DDEBUG -DUSE_FULL_LL_DRIVER -DSTM32F405xx -DFLASH_MBS_CFG -DLM_IQ_MATH -DUSE_FULL_ASSERT -DGHT_VENT_3 -DMB1_MODE=MB_RTU_SLAVE -DMB1_ADR=1 -DMB1_PARITY=0 -DMB1_SPEED=1152 -DMB1_STOPBIT=1 -DMB2 -DMB2_ADR=2 -DMB2_SPEED=192 -DMB2_PARITY=2 -DMB2_STOPBIT=1 -DMB2_MODE=MB_RTU_SLAVE -DUSE_HAL_DRIVER -DMB_UNLOCK_LIB -c -I../.. -I../../mbs_drivers -I../Drivers/CMSIS/Include -I../../boards/ght_vent_3/inc -I../Drivers/STM32F4xx_HAL_Driver/Inc -I../Core/Inc -I../Drivers/CMSIS/Device/ST/STM32F4xx/Include -I../. -I../../../Common -I../Drivers/STM32F4xx_HAL_Driver/Inc/Legacy -O0 -ffunction-sections -fdata-sections -Wall -fstack-usage -fcyclomatic-complexity -MMD -MP -MF"Drivers/STM32F4xx_HAL_Driver/Src/stm32f4xx_hal_flash_ex.d" -MT"Drivers/STM32F4xx_HAL_Driver/Src/stm32f4xx_hal_flash_ex.o" --specs=nano.specs -mfpu=fpv4-sp-d16 -mfloat-abi=hard -mthumb -o "Drivers/STM32F4xx_HAL_Driver/Src/stm32f4xx_hal_flash_ex.o"
arm-none-eabi-gcc "../Drivers/STM32F4xx_HAL_Driver/Src/stm32f4xx_hal_flash_ramfunc.c" -mcpu=cortex-m4 -std=gnu11 -g3 -DDEBUG -DUSE_FULL_LL_DRIVER -DSTM32F405xx -DFLASH_MBS_CFG -DLM_IQ_MATH -DUSE_FULL_ASSERT -DGHT_VENT_3 -DMB1_MODE=MB_RTU_SLAVE -DMB1_ADR=1 -DMB1_PARITY=0 -DMB1_SPEED=1152 -DMB1_STOPBIT=1 -DMB2 -DMB2_ADR=2 -DMB2_SPEED=192 -DMB2_PARITY=2 -DMB2_STOPBIT=1 -DMB2_MODE=MB_RTU_SLAVE -DUSE_HAL_DRIVER -DMB_UNLOCK_LIB -c -I../.. -I../../mbs_drivers -I../Drivers/CMSIS/Include -I../../boards/ght_vent_3/inc -I../Drivers/STM32F4xx_HAL_Driver/Inc -I../Core/Inc -I../Drivers/CMSIS/Device/ST/STM32F4xx/Include -I../. -I../../../Common -I../Drivers/STM32F4xx_HAL_Driver/Inc/Legacy -O0 -ffunction-sections -fdata-sections -Wall -fstack-usage -fcyclomatic-complexity -MMD -MP -MF"Drivers/STM32F4xx_HAL_Driver/Src/stm32f4xx_hal_flash_ramfunc.d" -MT"Drivers/STM32F4xx_HAL_Driver/Src/stm32f4xx_hal_flash_ramfunc.o" --specs=nano.specs -mfpu=fpv4-sp-d16 -mfloat-abi=hard -mthumb -o "Drivers/STM32F4xx_HAL_Driver/Src/stm32f4xx_hal_flash_ramfunc.o"
arm-none-eabi-gcc "../Drivers/STM32F4xx_HAL_Driver/Src/stm32f4xx_hal_gpio.c" -mcpu=cortex-m4 -std=gnu11 -g3 -DDEBUG -DUSE_FULL_LL_DRIVER -DSTM32F405xx -DFLASH_MBS_CFG -DLM_IQ_MATH -DUSE_FULL_ASSERT -DGHT_VENT_3 -DMB1_MODE=MB_RTU_SLAVE -DMB1_ADR=1 -DMB1_PARITY=0 -DMB1_SPEED=1152 -DMB1_STOPBIT=1 -DMB2 -DMB2_ADR=2 -DMB2_SPEED=192 -DMB2_PARITY=2 -DMB2_STOPBIT=1 -DMB2_MODE=MB_RTU_SLAVE -DUSE_HAL_DRIVER -DMB_UNLOCK_LIB -c -I../.. -I../../mbs_drivers -I../Drivers/CMSIS/Include -I../../boards/ght_vent_3/inc -I../Drivers/STM32F4xx_HAL_Driver/Inc -I../Core/Inc -I../Drivers/CMSIS/Device/ST/STM32F4xx/Include -I../. -I../../../Common -I../Drivers/STM32F4xx_HAL_Driver/Inc/Legacy -O0 -ffunction-sections -fdata-sections -Wall -fstack-usage -fcyclomatic-complexity -MMD -MP -MF"Drivers/STM32F4xx_HAL_Driver/Src/stm32f4xx_hal_gpio.d" -MT"Drivers/STM32F4xx_HAL_Driver/Src/stm32f4xx_hal_gpio.o" --specs=nano.specs -mfpu=fpv4-sp-d16 -mfloat-abi=hard -mthumb -o "Drivers/STM32F4xx_HAL_Driver/Src/stm32f4xx_hal_gpio.o"
arm-none-eabi-gcc "../Drivers/STM32F4xx_HAL_Driver/Src/stm32f4xx_hal_pwr.c" -mcpu=cortex-m4 -std=gnu11 -g3 -DDEBUG -DUSE_FULL_LL_DRIVER -DSTM32F405xx -DFLASH_MBS_CFG -DLM_IQ_MATH -DUSE_FULL_ASSERT -DGHT_VENT_3 -DMB1_MODE=MB_RTU_SLAVE -DMB1_ADR=1 -DMB1_PARITY=0 -DMB1_SPEED=1152 -DMB1_STOPBIT=1 -DMB2 -DMB2_ADR=2 -DMB2_SPEED=192 -DMB2_PARITY=2 -DMB2_STOPBIT=1 -DMB2_MODE=MB_RTU_SLAVE -DUSE_HAL_DRIVER -DMB_UNLOCK_LIB -c -I../.. -I../../mbs_drivers -I../Drivers/CMSIS/Include -I../../boards/ght_vent_3/inc -I../Drivers/STM32F4xx_HAL_Driver/Inc -I../Core/Inc -I../Drivers/CMSIS/Device/ST/STM32F4xx/Include -I../. -I../../../Common -I../Drivers/STM32F4xx_HAL_Driver/Inc/Legacy -O0 -ffunction-sections -fdata-sections -Wall -fstack-usage -fcyclomatic-complexity -MMD -MP -MF"Drivers/STM32F4xx_HAL_Driver/Src/stm32f4xx_hal_pwr.d" -MT"Drivers/STM32F4xx_HAL_Driver/Src/stm32f4xx_hal_pwr.o" --specs=nano.specs -mfpu=fpv4-sp-d16 -mfloat-abi=hard -mthumb -o "Drivers/STM32F4xx_HAL_Driver/Src/stm32f4xx_hal_pwr.o"
arm-none-eabi-gcc "../Drivers/STM32F4xx_HAL_Driver/Src/stm32f4xx_hal_pwr_ex.c" -mcpu=cortex-m4 -std=gnu11 -g3 -DDEBUG -DUSE_FULL_LL_DRIVER -DSTM32F405xx -DFLASH_MBS_CFG -DLM_IQ_MATH -DUSE_FULL_ASSERT -DGHT_VENT_3 -DMB1_MODE=MB_RTU_SLAVE -DMB1_ADR=1 -DMB1_PARITY=0 -DMB1_SPEED=1152 -DMB1_STOPBIT=1 -DMB2 -DMB2_ADR=2 -DMB2_SPEED=192 -DMB2_PARITY=2 -DMB2_STOPBIT=1 -DMB2_MODE=MB_RTU_SLAVE -DUSE_HAL_DRIVER -DMB_UNLOCK_LIB -c -I../.. -I../../mbs_drivers -I../Drivers/CMSIS/Include -I../../boards/ght_vent_3/inc -I../Drivers/STM32F4xx_HAL_Driver/Inc -I../Core/Inc -I../Drivers/CMSIS/Device/ST/STM32F4xx/Include -I../. -I../../../Common -I../Drivers/STM32F4xx_HAL_Driver/Inc/Legacy -O0 -ffunction-sections -fdata-sections -Wall -fstack-usage -fcyclomatic-complexity -MMD -MP -MF"Drivers/STM32F4xx_HAL_Driver/Src/stm32f4xx_hal_pwr_ex.d" -MT"Drivers/STM32F4xx_HAL_Driver/Src/stm32f4xx_hal_pwr_ex.o" --specs=nano.specs -mfpu=fpv4-sp-d16 -mfloat-abi=hard -mthumb -o "Drivers/STM32F4xx_HAL_Driver/Src/stm32f4xx_hal_pwr_ex.o"
arm-none-eabi-gcc "../Drivers/STM32F4xx_HAL_Driver/Src/stm32f4xx_hal_rcc.c" -mcpu=cortex-m4 -std=gnu11 -g3 -DDEBUG -DUSE_FULL_LL_DRIVER -DSTM32F405xx -DFLASH_MBS_CFG -DLM_IQ_MATH -DUSE_FULL_ASSERT -DGHT_VENT_3 -DMB1_MODE=MB_RTU_SLAVE -DMB1_ADR=1 -DMB1_PARITY=0 -DMB1_SPEED=1152 -DMB1_STOPBIT=1 -DMB2 -DMB2_ADR=2 -DMB2_SPEED=192 -DMB2_PARITY=2 -DMB2_STOPBIT=1 -DMB2_MODE=MB_RTU_SLAVE -DUSE_HAL_DRIVER -DMB_UNLOCK_LIB -c -I../.. -I../../mbs_drivers -I../Drivers/CMSIS/Include -I../../boards/ght_vent_3/inc -I../Drivers/STM32F4xx_HAL_Driver/Inc -I../Core/Inc -I../Drivers/CMSIS/Device/ST/STM32F4xx/Include -I../. -I../../../Common -I../Drivers/STM32F4xx_HAL_Driver/Inc/Legacy -O0 -ffunction-sections -fdata-sections -Wall -fstack-usage -fcyclomatic-complexity -MMD -MP -MF"Drivers/STM32F4xx_HAL_Driver/Src/stm32f4xx_hal_rcc.d" -MT"Drivers/STM32F4xx_HAL_Driver/Src/stm32f4xx_hal_rcc.o" --specs=nano.specs -mfpu=fpv4-sp-d16 -mfloat-abi=hard -mthumb -o "Drivers/STM32F4xx_HAL_Driver/Src/stm32f4xx_hal_rcc.o"
arm-none-eabi-gcc "../Drivers/STM32F4xx_HAL_Driver/Src/stm32f4xx_hal_rcc_ex.c" -mcpu=cortex-m4 -std=gnu11 -g3 -DDEBUG -DUSE_FULL_LL_DRIVER -DSTM32F405xx -DFLASH_MBS_CFG -DLM_IQ_MATH -DUSE_FULL_ASSERT -DGHT_VENT_3 -DMB1_MODE=MB_RTU_SLAVE -DMB1_ADR=1 -DMB1_PARITY=0 -DMB1_SPEED=1152 -DMB1_STOPBIT=1 -DMB2 -DMB2_ADR=2 -DMB2_SPEED=192 -DMB2_PARITY=2 -DMB2_STOPBIT=1 -DMB2_MODE=MB_RTU_SLAVE -DUSE_HAL_DRIVER -DMB_UNLOCK_LIB -c -I../.. -I../../mbs_drivers -I../Drivers/CMSIS/Include -I../../boards/ght_vent_3/inc -I../Drivers/STM32F4xx_HAL_Driver/Inc -I../Core/Inc -I../Drivers/CMSIS/Device/ST/STM32F4xx/Include -I../. -I../../../Common -I../Drivers/STM32F4xx_HAL_Driver/Inc/Legacy -O0 -ffunction-sections -fdata-sections -Wall -fstack-usage -fcyclomatic-complexity -MMD -MP -MF"Drivers/STM32F4xx_HAL_Driver/Src/stm32f4xx_hal_rcc_ex.d" -MT"Drivers/STM32F4xx_HAL_Driver/Src/stm32f4xx_hal_rcc_ex.o" --specs=nano.specs -mfpu=fpv4-sp-d16 -mfloat-abi=hard -mthumb -o "Drivers/STM32F4xx_HAL_Driver/Src/stm32f4xx_hal_rcc_ex.o"
arm-none-eabi-gcc "../Drivers/STM32F4xx_HAL_Driver/Src/stm32f4xx_hal_spi.c" -mcpu=cortex-m4 -std=gnu11 -g3 -DDEBUG -DUSE_FULL_LL_DRIVER -DSTM32F405xx -DFLASH_MBS_CFG -DLM_IQ_MATH -DUSE_FULL_ASSERT -DGHT_VENT_3 -DMB1_MODE=MB_RTU_SLAVE -DMB1_ADR=1 -DMB1_PARITY=0 -DMB1_SPEED=1152 -DMB1_STOPBIT=1 -DMB2 -DMB2_ADR=2 -DMB2_SPEED=192 -DMB2_PARITY=2 -DMB2_STOPBIT=1 -DMB2_MODE=MB_RTU_SLAVE -DUSE_HAL_DRIVER -DMB_UNLOCK_LIB -c -I../.. -I../../mbs_drivers -I../Drivers/CMSIS/Include -I../../boards/ght_vent_3/inc -I../Drivers/STM32F4xx_HAL_Driver/Inc -I../Core/Inc -I../Drivers/CMSIS/Device/ST/STM32F4xx/Include -I../. -I../../../Common -I../Drivers/STM32F4xx_HAL_Driver/Inc/Legacy -O0 -ffunction-sections -fdata-sections -Wall -fstack-usage -fcyclomatic-complexity -MMD -MP -MF"Drivers/STM32F4xx_HAL_Driver/Src/stm32f4xx_hal_spi.d" -MT"Drivers/STM32F4xx_HAL_Driver/Src/stm32f4xx_hal_spi.o" --specs=nano.specs -mfpu=fpv4-sp-d16 -mfloat-abi=hard -mthumb -o "Drivers/STM32F4xx_HAL_Driver/Src/stm32f4xx_hal_spi.o"
arm-none-eabi-gcc "../Drivers/STM32F4xx_HAL_Driver/Src/stm32f4xx_hal_tim.c" -mcpu=cortex-m4 -std=gnu11 -g3 -DDEBUG -DUSE_FULL_LL_DRIVER -DSTM32F405xx -DFLASH_MBS_CFG -DLM_IQ_MATH -DUSE_FULL_ASSERT -DGHT_VENT_3 -DMB1_MODE=MB_RTU_SLAVE -DMB1_ADR=1 -DMB1_PARITY=0 -DMB1_SPEED=1152 -DMB1_STOPBIT=1 -DMB2 -DMB2_ADR=2 -DMB2_SPEED=192 -DMB2_PARITY=2 -DMB2_STOPBIT=1 -DMB2_MODE=MB_RTU_SLAVE -DUSE_HAL_DRIVER -DMB_UNLOCK_LIB -c -I../.. -I../../mbs_drivers -I../Drivers/CMSIS/Include -I../../boards/ght_vent_3/inc -I../Drivers/STM32F4xx_HAL_Driver/Inc -I../Core/Inc -I../Drivers/CMSIS/Device/ST/STM32F4xx/Include -I../. -I../../../Common -I../Drivers/STM32F4xx_HAL_Driver/Inc/Legacy -O0 -ffunction-sections -fdata-sections -Wall -fstack-usage -fcyclomatic-complexity -MMD -MP -MF"Drivers/STM32F4xx_HAL_Driver/Src/stm32f4xx_hal_tim.d" -MT"Drivers/STM32F4xx_HAL_Driver/Src/stm32f4xx_hal_tim.o" --specs=nano.specs -mfpu=fpv4-sp-d16 -mfloat-abi=hard -mthumb -o "Drivers/STM32F4xx_HAL_Driver/Src/stm32f4xx_hal_tim.o"
arm-none-eabi-gcc "../Drivers/STM32F4xx_HAL_Driver/Src/stm32f4xx_hal_tim_ex.c" -mcpu=cortex-m4 -std=gnu11 -g3 -DDEBUG -DUSE_FULL_LL_DRIVER -DSTM32F405xx -DFLASH_MBS_CFG -DLM_IQ_MATH -DUSE_FULL_ASSERT -DGHT_VENT_3 -DMB1_MODE=MB_RTU_SLAVE -DMB1_ADR=1 -DMB1_PARITY=0 -DMB1_SPEED=1152 -DMB1_STOPBIT=1 -DMB2 -DMB2_ADR=2 -DMB2_SPEED=192 -DMB2_PARITY=2 -DMB2_STOPBIT=1 -DMB2_MODE=MB_RTU_SLAVE -DUSE_HAL_DRIVER -DMB_UNLOCK_LIB -c -I../.. -I../../mbs_drivers -I../Drivers/CMSIS/Include -I../../boards/ght_vent_3/inc -I../Drivers/STM32F4xx_HAL_Driver/Inc -I../Core/Inc -I../Drivers/CMSIS/Device/ST/STM32F4xx/Include -I../. -I../../../Common -I../Drivers/STM32F4xx_HAL_Driver/Inc/Legacy -O0 -ffunction-sections -fdata-sections -Wall -fstack-usage -fcyclomatic-complexity -MMD -MP -MF"Drivers/STM32F4xx_HAL_Driver/Src/stm32f4xx_hal_tim_ex.d" -MT"Drivers/STM32F4xx_HAL_Driver/Src/stm32f4xx_hal_tim_ex.o" --specs=nano.specs -mfpu=fpv4-sp-d16 -mfloat-abi=hard -mthumb -o "Drivers/STM32F4xx_HAL_Driver/Src/stm32f4xx_hal_tim_ex.o"
arm-none-eabi-gcc "../Drivers/STM32F4xx_HAL_Driver/Src/stm32f4xx_ll_adc.c" -mcpu=cortex-m4 -std=gnu11 -g3 -DDEBUG -DUSE_FULL_LL_DRIVER -DSTM32F405xx -DFLASH_MBS_CFG -DLM_IQ_MATH -DUSE_FULL_ASSERT -DGHT_VENT_3 -DMB1_MODE=MB_RTU_SLAVE -DMB1_ADR=1 -DMB1_PARITY=0 -DMB1_SPEED=1152 -DMB1_STOPBIT=1 -DMB2 -DMB2_ADR=2 -DMB2_SPEED=192 -DMB2_PARITY=2 -DMB2_STOPBIT=1 -DMB2_MODE=MB_RTU_SLAVE -DUSE_HAL_DRIVER -DMB_UNLOCK_LIB -c -I../.. -I../../mbs_drivers -I../Drivers/CMSIS/Include -I../../boards/ght_vent_3/inc -I../Drivers/STM32F4xx_HAL_Driver/Inc -I../Core/Inc -I../Drivers/CMSIS/Device/ST/STM32F4xx/Include -I../. -I../../../Common -I../Drivers/STM32F4xx_HAL_Driver/Inc/Legacy -O0 -ffunction-sections -fdata-sections -Wall -fstack-usage -fcyclomatic-complexity -MMD -MP -MF"Drivers/STM32F4xx_HAL_Driver/Src/stm32f4xx_ll_adc.d" -MT"Drivers/STM32F4xx_HAL_Driver/Src/stm32f4xx_ll_adc.o" --specs=nano.specs -mfpu=fpv4-sp-d16 -mfloat-abi=hard -mthumb -o "Drivers/STM32F4xx_HAL_Driver/Src/stm32f4xx_ll_adc.o"
arm-none-eabi-gcc "../Drivers/STM32F4xx_HAL_Driver/Src/stm32f4xx_ll_dma.c" -mcpu=cortex-m4 -std=gnu11 -g3 -DDEBUG -DUSE_FULL_LL_DRIVER -DSTM32F405xx -DFLASH_MBS_CFG -DLM_IQ_MATH -DUSE_FULL_ASSERT -DGHT_VENT_3 -DMB1_MODE=MB_RTU_SLAVE -DMB1_ADR=1 -DMB1_PARITY=0 -DMB1_SPEED=1152 -DMB1_STOPBIT=1 -DMB2 -DMB2_ADR=2 -DMB2_SPEED=192 -DMB2_PARITY=2 -DMB2_STOPBIT=1 -DMB2_MODE=MB_RTU_SLAVE -DUSE_HAL_DRIVER -DMB_UNLOCK_LIB -c -I../.. -I../../mbs_drivers -I../Drivers/CMSIS/Include -I../../boards/ght_vent_3/inc -I../Drivers/STM32F4xx_HAL_Driver/Inc -I../Core/Inc -I../Drivers/CMSIS/Device/ST/STM32F4xx/Include -I../. -I../../../Common -I../Drivers/STM32F4xx_HAL_Driver/Inc/Legacy -O0 -ffunction-sections -fdata-sections -Wall -fstack-usage -fcyclomatic-complexity -MMD -MP -MF"Drivers/STM32F4xx_HAL_Driver/Src/stm32f4xx_ll_dma.d" -MT"Drivers/STM32F4xx_HAL_Driver/Src/stm32f4xx_ll_dma.o" --specs=nano.specs -mfpu=fpv4-sp-d16 -mfloat-abi=hard -mthumb -o "Drivers/STM32F4xx_HAL_Driver/Src/stm32f4xx_ll_dma.o"
arm-none-eabi-gcc "../Drivers/STM32F4xx_HAL_Driver/Src/stm32f4xx_ll_exti.c" -mcpu=cortex-m4 -std=gnu11 -g3 -DDEBUG -DUSE_FULL_LL_DRIVER -DSTM32F405xx -DFLASH_MBS_CFG -DLM_IQ_MATH -DUSE_FULL_ASSERT -DGHT_VENT_3 -DMB1_MODE=MB_RTU_SLAVE -DMB1_ADR=1 -DMB1_PARITY=0 -DMB1_SPEED=1152 -DMB1_STOPBIT=1 -DMB2 -DMB2_ADR=2 -DMB2_SPEED=192 -DMB2_PARITY=2 -DMB2_STOPBIT=1 -DMB2_MODE=MB_RTU_SLAVE -DUSE_HAL_DRIVER -DMB_UNLOCK_LIB -c -I../.. -I../../mbs_drivers -I../Drivers/CMSIS/Include -I../../boards/ght_vent_3/inc -I../Drivers/STM32F4xx_HAL_Driver/Inc -I../Core/Inc -I../Drivers/CMSIS/Device/ST/STM32F4xx/Include -I../. -I../../../Common -I../Drivers/STM32F4xx_HAL_Driver/Inc/Legacy -O0 -ffunction-sections -fdata-sections -Wall -fstack-usage -fcyclomatic-complexity -MMD -MP -MF"Drivers/STM32F4xx_HAL_Driver/Src/stm32f4xx_ll_exti.d" -MT"Drivers/STM32F4xx_HAL_Driver/Src/stm32f4xx_ll_exti.o" --specs=nano.specs -mfpu=fpv4-sp-d16 -mfloat-abi=hard -mthumb -o "Drivers/STM32F4xx_HAL_Driver/Src/stm32f4xx_ll_exti.o"
arm-none-eabi-gcc "../Drivers/STM32F4xx_HAL_Driver/Src/stm32f4xx_ll_gpio.c" -mcpu=cortex-m4 -std=gnu11 -g3 -DDEBUG -DUSE_FULL_LL_DRIVER -DSTM32F405xx -DFLASH_MBS_CFG -DLM_IQ_MATH -DUSE_FULL_ASSERT -DGHT_VENT_3 -DMB1_MODE=MB_RTU_SLAVE -DMB1_ADR=1 -DMB1_PARITY=0 -DMB1_SPEED=1152 -DMB1_STOPBIT=1 -DMB2 -DMB2_ADR=2 -DMB2_SPEED=192 -DMB2_PARITY=2 -DMB2_STOPBIT=1 -DMB2_MODE=MB_RTU_SLAVE -DUSE_HAL_DRIVER -DMB_UNLOCK_LIB -c -I../.. -I../../mbs_drivers -I../Drivers/CMSIS/Include -I../../boards/ght_vent_3/inc -I../Drivers/STM32F4xx_HAL_Driver/Inc -I../Core/Inc -I../Drivers/CMSIS/Device/ST/STM32F4xx/Include -I../. -I../../../Common -I../Drivers/STM32F4xx_HAL_Driver/Inc/Legacy -O0 -ffunction-sections -fdata-sections -Wall -fstack-usage -fcyclomatic-complexity -MMD -MP -MF"Drivers/STM32F4xx_HAL_Driver/Src/stm32f4xx_ll_gpio.d" -MT"Drivers/STM32F4xx_HAL_Driver/Src/stm32f4xx_ll_gpio.o" --specs=nano.specs -mfpu=fpv4-sp-d16 -mfloat-abi=hard -mthumb -o "Drivers/STM32F4xx_HAL_Driver/Src/stm32f4xx_ll_gpio.o"
arm-none-eabi-gcc "../Drivers/STM32F4xx_HAL_Driver/Src/stm32f4xx_ll_rcc.c" -mcpu=cortex-m4 -std=gnu11 -g3 -DDEBUG -DUSE_FULL_LL_DRIVER -DSTM32F405xx -DFLASH_MBS_CFG -DLM_IQ_MATH -DUSE_FULL_ASSERT -DGHT_VENT_3 -DMB1_MODE=MB_RTU_SLAVE -DMB1_ADR=1 -DMB1_PARITY=0 -DMB1_SPEED=1152 -DMB1_STOPBIT=1 -DMB2 -DMB2_ADR=2 -DMB2_SPEED=192 -DMB2_PARITY=2 -DMB2_STOPBIT=1 -DMB2_MODE=MB_RTU_SLAVE -DUSE_HAL_DRIVER -DMB_UNLOCK_LIB -c -I../.. -I../../mbs_drivers -I../Drivers/CMSIS/Include -I../../boards/ght_vent_3/inc -I../Drivers/STM32F4xx_HAL_Driver/Inc -I../Core/Inc -I../Drivers/CMSIS/Device/ST/STM32F4xx/Include -I../. -I../../../Common -I../Drivers/STM32F4xx_HAL_Driver/Inc/Legacy -O0 -ffunction-sections -fdata-sections -Wall -fstack-usage -fcyclomatic-complexity -MMD -MP -MF"Drivers/STM32F4xx_HAL_Driver/Src/stm32f4xx_ll_rcc.d" -MT"Drivers/STM32F4xx_HAL_Driver/Src/stm32f4xx_ll_rcc.o" --specs=nano.specs -mfpu=fpv4-sp-d16 -mfloat-abi=hard -mthumb -o "Drivers/STM32F4xx_HAL_Driver/Src/stm32f4xx_ll_rcc.o"
arm-none-eabi-gcc "../Drivers/STM32F4xx_HAL_Driver/Src/stm32f4xx_ll_spi.c" -mcpu=cortex-m4 -std=gnu11 -g3 -DDEBUG -DUSE_FULL_LL_DRIVER -DSTM32F405xx -DFLASH_MBS_CFG -DLM_IQ_MATH -DUSE_FULL_ASSERT -DGHT_VENT_3 -DMB1_MODE=MB_RTU_SLAVE -DMB1_ADR=1 -DMB1_PARITY=0 -DMB1_SPEED=1152 -DMB1_STOPBIT=1 -DMB2 -DMB2_ADR=2 -DMB2_SPEED=192 -DMB2_PARITY=2 -DMB2_STOPBIT=1 -DMB2_MODE=MB_RTU_SLAVE -DUSE_HAL_DRIVER -DMB_UNLOCK_LIB -c -I../.. -I../../mbs_drivers -I../Drivers/CMSIS/Include -I../../boards/ght_vent_3/inc -I../Drivers/STM32F4xx_HAL_Driver/Inc -I../Core/Inc -I../Drivers/CMSIS/Device/ST/STM32F4xx/Include -I../. -I../../../Common -I../Drivers/STM32F4xx_HAL_Driver/Inc/Legacy -O0 -ffunction-sections -fdata-sections -Wall -fstack-usage -fcyclomatic-complexity -MMD -MP -MF"Drivers/STM32F4xx_HAL_Driver/Src/stm32f4xx_ll_spi.d" -MT"Drivers/STM32F4xx_HAL_Driver/Src/stm32f4xx_ll_spi.o" --specs=nano.specs -mfpu=fpv4-sp-d16 -mfloat-abi=hard -mthumb -o "Drivers/STM32F4xx_HAL_Driver/Src/stm32f4xx_ll_spi.o"
arm-none-eabi-gcc "../Drivers/STM32F4xx_HAL_Driver/Src/stm32f4xx_ll_tim.c" -mcpu=cortex-m4 -std=gnu11 -g3 -DDEBUG -DUSE_FULL_LL_DRIVER -DSTM32F405xx -DFLASH_MBS_CFG -DLM_IQ_MATH -DUSE_FULL_ASSERT -DGHT_VENT_3 -DMB1_MODE=MB_RTU_SLAVE -DMB1_ADR=1 -DMB1_PARITY=0 -DMB1_SPEED=1152 -DMB1_STOPBIT=1 -DMB2 -DMB2_ADR=2 -DMB2_SPEED=192 -DMB2_PARITY=2 -DMB2_STOPBIT=1 -DMB2_MODE=MB_RTU_SLAVE -DUSE_HAL_DRIVER -DMB_UNLOCK_LIB -c -I../.. -I../../mbs_drivers -I../Drivers/CMSIS/Include -I../../boards/ght_vent_3/inc -I../Drivers/STM32F4xx_HAL_Driver/Inc -I../Core/Inc -I../Drivers/CMSIS/Device/ST/STM32F4xx/Include -I../. -I../../../Common -I../Drivers/STM32F4xx_HAL_Driver/Inc/Legacy -O0 -ffunction-sections -fdata-sections -Wall -fstack-usage -fcyclomatic-complexity -MMD -MP -MF"Drivers/STM32F4xx_HAL_Driver/Src/stm32f4xx_ll_tim.d" -MT"Drivers/STM32F4xx_HAL_Driver/Src/stm32f4xx_ll_tim.o" --specs=nano.specs -mfpu=fpv4-sp-d16 -mfloat-abi=hard -mthumb -o "Drivers/STM32F4xx_HAL_Driver/Src/stm32f4xx_ll_tim.o"
arm-none-eabi-gcc "../Drivers/STM32F4xx_HAL_Driver/Src/stm32f4xx_ll_usart.c" -mcpu=cortex-m4 -std=gnu11 -g3 -DDEBUG -DUSE_FULL_LL_DRIVER -DSTM32F405xx -DFLASH_MBS_CFG -DLM_IQ_MATH -DUSE_FULL_ASSERT -DGHT_VENT_3 -DMB1_MODE=MB_RTU_SLAVE -DMB1_ADR=1 -DMB1_PARITY=0 -DMB1_SPEED=1152 -DMB1_STOPBIT=1 -DMB2 -DMB2_ADR=2 -DMB2_SPEED=192 -DMB2_PARITY=2 -DMB2_STOPBIT=1 -DMB2_MODE=MB_RTU_SLAVE -DUSE_HAL_DRIVER -DMB_UNLOCK_LIB -c -I../.. -I../../mbs_drivers -I../Drivers/CMSIS/Include -I../../boards/ght_vent_3/inc -I../Drivers/STM32F4xx_HAL_Driver/Inc -I../Core/Inc -I../Drivers/CMSIS/Device/ST/STM32F4xx/Include -I../. -I../../../Common -I../Drivers/STM32F4xx_HAL_Driver/Inc/Legacy -O0 -ffunction-sections -fdata-sections -Wall -fstack-usage -fcyclomatic-complexity -MMD -MP -MF"Drivers/STM32F4xx_HAL_Driver/Src/stm32f4xx_ll_usart.d" -MT"Drivers/STM32F4xx_HAL_Driver/Src/stm32f4xx_ll_usart.o" --specs=nano.specs -mfpu=fpv4-sp-d16 -mfloat-abi=hard -mthumb -o "Drivers/STM32F4xx_HAL_Driver/Src/stm32f4xx_ll_usart.o"
arm-none-eabi-gcc "../Drivers/STM32F4xx_HAL_Driver/Src/stm32f4xx_ll_utils.c" -mcpu=cortex-m4 -std=gnu11 -g3 -DDEBUG -DUSE_FULL_LL_DRIVER -DSTM32F405xx -DFLASH_MBS_CFG -DLM_IQ_MATH -DUSE_FULL_ASSERT -DGHT_VENT_3 -DMB1_MODE=MB_RTU_SLAVE -DMB1_ADR=1 -DMB1_PARITY=0 -DMB1_SPEED=1152 -DMB1_STOPBIT=1 -DMB2 -DMB2_ADR=2 -DMB2_SPEED=192 -DMB2_PARITY=2 -DMB2_STOPBIT=1 -DMB2_MODE=MB_RTU_SLAVE -DUSE_HAL_DRIVER -DMB_UNLOCK_LIB -c -I../.. -I../../mbs_drivers -I../Drivers/CMSIS/Include -I../../boards/ght_vent_3/inc -I../Drivers/STM32F4xx_HAL_Driver/Inc -I../Core/Inc -I../Drivers/CMSIS/Device/ST/STM32F4xx/Include -I../. -I../../../Common -I../Drivers/STM32F4xx_HAL_Driver/Inc/Legacy -O0 -ffunction-sections -fdata-sections -Wall -fstack-usage -fcyclomatic-complexity -MMD -MP -MF"Drivers/STM32F4xx_HAL_Driver/Src/stm32f4xx_ll_utils.d" -MT"Drivers/STM32F4xx_HAL_Driver/Src/stm32f4xx_ll_utils.o" --specs=nano.specs -mfpu=fpv4-sp-d16 -mfloat-abi=hard -mthumb -o "Drivers/STM32F4xx_HAL_Driver/Src/stm32f4xx_ll_utils.o"
arm-none-eabi-gcc -mcpu=cortex-m4 -g3 -DDEBUG -c -x assembler-with-cpp -MMD -MP -MF"Core/Startup/startup_stm32f405rgtx.d" -MT"Core/Startup/startup_stm32f405rgtx.o" --specs=nano.specs -mfpu=fpv4-sp-d16 -mfloat-abi=hard -mthumb -o "Core/Startup/startup_stm32f405rgtx.o" "../Core/Startup/startup_stm32f405rgtx.s"
arm-none-eabi-gcc "../Core/Src/adc.c" -mcpu=cortex-m4 -std=gnu11 -g3 -DDEBUG -DUSE_FULL_LL_DRIVER -DSTM32F405xx -DFLASH_MBS_CFG -DLM_IQ_MATH -DUSE_FULL_ASSERT -DGHT_VENT_3 -DMB1_MODE=MB_RTU_SLAVE -DMB1_ADR=1 -DMB1_PARITY=0 -DMB1_SPEED=1152 -DMB1_STOPBIT=1 -DMB2 -DMB2_ADR=2 -DMB2_SPEED=192 -DMB2_PARITY=2 -DMB2_STOPBIT=1 -DMB2_MODE=MB_RTU_SLAVE -DUSE_HAL_DRIVER -DMB_UNLOCK_LIB -c -I../.. -I../../mbs_drivers -I../Drivers/CMSIS/Include -I../../boards/ght_vent_3/inc -I../Drivers/STM32F4xx_HAL_Driver/Inc -I../Core/Inc -I../Drivers/CMSIS/Device/ST/STM32F4xx/Include -I../. -I../../../Common -I../Drivers/STM32F4xx_HAL_Driver/Inc/Legacy -O0 -ffunction-sections -fdata-sections -Wall -fstack-usage -fcyclomatic-complexity -MMD -MP -MF"Core/Src/adc.d" -MT"Core/Src/adc.o" --specs=nano.specs -mfpu=fpv4-sp-d16 -mfloat-abi=hard -mthumb -o "Core/Src/adc.o"
arm-none-eabi-gcc "../Core/Src/gpio.c" -mcpu=cortex-m4 -std=gnu11 -g3 -DDEBUG -DUSE_FULL_LL_DRIVER -DSTM32F405xx -DFLASH_MBS_CFG -DLM_IQ_MATH -DUSE_FULL_ASSERT -DGHT_VENT_3 -DMB1_MODE=MB_RTU_SLAVE -DMB1_ADR=1 -DMB1_PARITY=0 -DMB1_SPEED=1152 -DMB1_STOPBIT=1 -DMB2 -DMB2_ADR=2 -DMB2_SPEED=192 -DMB2_PARITY=2 -DMB2_STOPBIT=1 -DMB2_MODE=MB_RTU_SLAVE -DUSE_HAL_DRIVER -DMB_UNLOCK_LIB -c -I../.. -I../../mbs_drivers -I../Drivers/CMSIS/Include -I../../boards/ght_vent_3/inc -I../Drivers/STM32F4xx_HAL_Driver/Inc -I../Core/Inc -I../Drivers/CMSIS/Device/ST/STM32F4xx/Include -I../. -I../../../Common -I../Drivers/STM32F4xx_HAL_Driver/Inc/Legacy -O0 -ffunction-sections -fdata-sections -Wall -fstack-usage -fcyclomatic-complexity -MMD -MP -MF"Core/Src/gpio.d" -MT"Core/Src/gpio.o" --specs=nano.specs -mfpu=fpv4-sp-d16 -mfloat-abi=hard -mthumb -o "Core/Src/gpio.o"
arm-none-eabi-gcc "../Core/Src/main.c" -mcpu=cortex-m4 -std=gnu11 -g3 -DDEBUG -DUSE_FULL_LL_DRIVER -DSTM32F405xx -DFLASH_MBS_CFG -DLM_IQ_MATH -DUSE_FULL_ASSERT -DGHT_VENT_3 -DMB1_MODE=MB_RTU_SLAVE -DMB1_ADR=1 -DMB1_PARITY=0 -DMB1_SPEED=1152 -DMB1_STOPBIT=1 -DMB2 -DMB2_ADR=2 -DMB2_SPEED=192 -DMB2_PARITY=2 -DMB2_STOPBIT=1 -DMB2_MODE=MB_RTU_SLAVE -DUSE_HAL_DRIVER -DMB_UNLOCK_LIB -c -I../.. -I../../mbs_drivers -I../Drivers/CMSIS/Include -I../../boards/ght_vent_3/inc -I../Drivers/STM32F4xx_HAL_Driver/Inc -I../Core/Inc -I../Drivers/CMSIS/Device/ST/STM32F4xx/Include -I../. -I../../../Common -I../Drivers/STM32F4xx_HAL_Driver/Inc/Legacy -O0 -ffunction-sections -fdata-sections -Wall -fstack-usage -fcyclomatic-complexity -MMD -MP -MF"Core/Src/main.d" -MT"Core/Src/main.o" --specs=nano.specs -mfpu=fpv4-sp-d16 -mfloat-abi=hard -mthumb -o "Core/Src/main.o"
arm-none-eabi-gcc "../Core/Src/spi.c" -mcpu=cortex-m4 -std=gnu11 -g3 -DDEBUG -DUSE_FULL_LL_DRIVER -DSTM32F405xx -DFLASH_MBS_CFG -DLM_IQ_MATH -DUSE_FULL_ASSERT -DGHT_VENT_3 -DMB1_MODE=MB_RTU_SLAVE -DMB1_ADR=1 -DMB1_PARITY=0 -DMB1_SPEED=1152 -DMB1_STOPBIT=1 -DMB2 -DMB2_ADR=2 -DMB2_SPEED=192 -DMB2_PARITY=2 -DMB2_STOPBIT=1 -DMB2_MODE=MB_RTU_SLAVE -DUSE_HAL_DRIVER -DMB_UNLOCK_LIB -c -I../.. -I../../mbs_drivers -I../Drivers/CMSIS/Include -I../../boards/ght_vent_3/inc -I../Drivers/STM32F4xx_HAL_Driver/Inc -I../Core/Inc -I../Drivers/CMSIS/Device/ST/STM32F4xx/Include -I../. -I../../../Common -I../Drivers/STM32F4xx_HAL_Driver/Inc/Legacy -O0 -ffunction-sections -fdata-sections -Wall -fstack-usage -fcyclomatic-complexity -MMD -MP -MF"Core/Src/spi.d" -MT"Core/Src/spi.o" --specs=nano.specs -mfpu=fpv4-sp-d16 -mfloat-abi=hard -mthumb -o "Core/Src/spi.o"
arm-none-eabi-gcc "../Core/Src/stm32f4xx_hal_msp.c" -mcpu=cortex-m4 -std=gnu11 -g3 -DDEBUG -DUSE_FULL_LL_DRIVER -DSTM32F405xx -DFLASH_MBS_CFG -DLM_IQ_MATH -DUSE_FULL_ASSERT -DGHT_VENT_3 -DMB1_MODE=MB_RTU_SLAVE -DMB1_ADR=1 -DMB1_PARITY=0 -DMB1_SPEED=1152 -DMB1_STOPBIT=1 -DMB2 -DMB2_ADR=2 -DMB2_SPEED=192 -DMB2_PARITY=2 -DMB2_STOPBIT=1 -DMB2_MODE=MB_RTU_SLAVE -DUSE_HAL_DRIVER -DMB_UNLOCK_LIB -c -I../.. -I../../mbs_drivers -I../Drivers/CMSIS/Include -I../../boards/ght_vent_3/inc -I../Drivers/STM32F4xx_HAL_Driver/Inc -I../Core/Inc -I../Drivers/CMSIS/Device/ST/STM32F4xx/Include -I../. -I../../../Common -I../Drivers/STM32F4xx_HAL_Driver/Inc/Legacy -O0 -ffunction-sections -fdata-sections -Wall -fstack-usage -fcyclomatic-complexity -MMD -MP -MF"Core/Src/stm32f4xx_hal_msp.d" -MT"Core/Src/stm32f4xx_hal_msp.o" --specs=nano.specs -mfpu=fpv4-sp-d16 -mfloat-abi=hard -mthumb -o "Core/Src/stm32f4xx_hal_msp.o"
arm-none-eabi-gcc "../Core/Src/stm32f4xx_it.c" -mcpu=cortex-m4 -std=gnu11 -g3 -DDEBUG -DUSE_FULL_LL_DRIVER -DSTM32F405xx -DFLASH_MBS_CFG -DLM_IQ_MATH -DUSE_FULL_ASSERT -DGHT_VENT_3 -DMB1_MODE=MB_RTU_SLAVE -DMB1_ADR=1 -DMB1_PARITY=0 -DMB1_SPEED=1152 -DMB1_STOPBIT=1 -DMB2 -DMB2_ADR=2 -DMB2_SPEED=192 -DMB2_PARITY=2 -DMB2_STOPBIT=1 -DMB2_MODE=MB_RTU_SLAVE -DUSE_HAL_DRIVER -DMB_UNLOCK_LIB -c -I../.. -I../../mbs_drivers -I../Drivers/CMSIS/Include -I../../boards/ght_vent_3/inc -I../Drivers/STM32F4xx_HAL_Driver/Inc -I../Core/Inc -I../Drivers/CMSIS/Device/ST/STM32F4xx/Include -I../. -I../../../Common -I../Drivers/STM32F4xx_HAL_Driver/Inc/Legacy -O0 -ffunction-sections -fdata-sections -Wall -fstack-usage -fcyclomatic-complexity -MMD -MP -MF"Core/Src/stm32f4xx_it.d" -MT"Core/Src/stm32f4xx_it.o" --specs=nano.specs -mfpu=fpv4-sp-d16 -mfloat-abi=hard -mthumb -o "Core/Src/stm32f4xx_it.o"
arm-none-eabi-gcc "../Core/Src/syscalls.c" -mcpu=cortex-m4 -std=gnu11 -g3 -DDEBUG -DUSE_FULL_LL_DRIVER -DSTM32F405xx -DFLASH_MBS_CFG -DLM_IQ_MATH -DUSE_FULL_ASSERT -DGHT_VENT_3 -DMB1_MODE=MB_RTU_SLAVE -DMB1_ADR=1 -DMB1_PARITY=0 -DMB1_SPEED=1152 -DMB1_STOPBIT=1 -DMB2 -DMB2_ADR=2 -DMB2_SPEED=192 -DMB2_PARITY=2 -DMB2_STOPBIT=1 -DMB2_MODE=MB_RTU_SLAVE -DUSE_HAL_DRIVER -DMB_UNLOCK_LIB -c -I../.. -I../../mbs_drivers -I../Drivers/CMSIS/Include -I../../boards/ght_vent_3/inc -I../Drivers/STM32F4xx_HAL_Driver/Inc -I../Core/Inc -I../Drivers/CMSIS/Device/ST/STM32F4xx/Include -I../. -I../../../Common -I../Drivers/STM32F4xx_HAL_Driver/Inc/Legacy -O0 -ffunction-sections -fdata-sections -Wall -fstack-usage -fcyclomatic-complexity -MMD -MP -MF"Core/Src/syscalls.d" -MT"Core/Src/syscalls.o" --specs=nano.specs -mfpu=fpv4-sp-d16 -mfloat-abi=hard -mthumb -o "Core/Src/syscalls.o"
arm-none-eabi-gcc "../Core/Src/sysmem.c" -mcpu=cortex-m4 -std=gnu11 -g3 -DDEBUG -DUSE_FULL_LL_DRIVER -DSTM32F405xx -DFLASH_MBS_CFG -DLM_IQ_MATH -DUSE_FULL_ASSERT -DGHT_VENT_3 -DMB1_MODE=MB_RTU_SLAVE -DMB1_ADR=1 -DMB1_PARITY=0 -DMB1_SPEED=1152 -DMB1_STOPBIT=1 -DMB2 -DMB2_ADR=2 -DMB2_SPEED=192 -DMB2_PARITY=2 -DMB2_STOPBIT=1 -DMB2_MODE=MB_RTU_SLAVE -DUSE_HAL_DRIVER -DMB_UNLOCK_LIB -c -I../.. -I../../mbs_drivers -I../Drivers/CMSIS/Include -I../../boards/ght_vent_3/inc -I../Drivers/STM32F4xx_HAL_Driver/Inc -I../Core/Inc -I../Drivers/CMSIS/Device/ST/STM32F4xx/Include -I../. -I../../../Common -I../Drivers/STM32F4xx_HAL_Driver/Inc/Legacy -O0 -ffunction-sections -fdata-sections -Wall -fstack-usage -fcyclomatic-complexity -MMD -MP -MF"Core/Src/sysmem.d" -MT"Core/Src/sysmem.o" --specs=nano.specs -mfpu=fpv4-sp-d16 -mfloat-abi=hard -mthumb -o "Core/Src/sysmem.o"
arm-none-eabi-gcc "../Core/Src/system_stm32f4xx.c" -mcpu=cortex-m4 -std=gnu11 -g3 -DDEBUG -DUSE_FULL_LL_DRIVER -DSTM32F405xx -DFLASH_MBS_CFG -DLM_IQ_MATH -DUSE_FULL_ASSERT -DGHT_VENT_3 -DMB1_MODE=MB_RTU_SLAVE -DMB1_ADR=1 -DMB1_PARITY=0 -DMB1_SPEED=1152 -DMB1_STOPBIT=1 -DMB2 -DMB2_ADR=2 -DMB2_SPEED=192 -DMB2_PARITY=2 -DMB2_STOPBIT=1 -DMB2_MODE=MB_RTU_SLAVE -DUSE_HAL_DRIVER -DMB_UNLOCK_LIB -c -I../.. -I../../mbs_drivers -I../Drivers/CMSIS/Include -I../../boards/ght_vent_3/inc -I../Drivers/STM32F4xx_HAL_Driver/Inc -I../Core/Inc -I../Drivers/CMSIS/Device/ST/STM32F4xx/Include -I../. -I../../../Common -I../Drivers/STM32F4xx_HAL_Driver/Inc/Legacy -O0 -ffunction-sections -fdata-sections -Wall -fstack-usage -fcyclomatic-complexity -MMD -MP -MF"Core/Src/system_stm32f4xx.d" -MT"Core/Src/system_stm32f4xx.o" --specs=nano.specs -mfpu=fpv4-sp-d16 -mfloat-abi=hard -mthumb -o "Core/Src/system_stm32f4xx.o"
arm-none-eabi-gcc "../Core/Src/tim.c" -mcpu=cortex-m4 -std=gnu11 -g3 -DDEBUG -DUSE_FULL_LL_DRIVER -DSTM32F405xx -DFLASH_MBS_CFG -DLM_IQ_MATH -DUSE_FULL_ASSERT -DGHT_VENT_3 -DMB1_MODE=MB_RTU_SLAVE -DMB1_ADR=1 -DMB1_PARITY=0 -DMB1_SPEED=1152 -DMB1_STOPBIT=1 -DMB2 -DMB2_ADR=2 -DMB2_SPEED=192 -DMB2_PARITY=2 -DMB2_STOPBIT=1 -DMB2_MODE=MB_RTU_SLAVE -DUSE_HAL_DRIVER -DMB_UNLOCK_LIB -c -I../.. -I../../mbs_drivers -I../Drivers/CMSIS/Include -I../../boards/ght_vent_3/inc -I../Drivers/STM32F4xx_HAL_Driver/Inc -I../Core/Inc -I../Drivers/CMSIS/Device/ST/STM32F4xx/Include -I../. -I../../../Common -I../Drivers/STM32F4xx_HAL_Driver/Inc/Legacy -O0 -ffunction-sections -fdata-sections -Wall -fstack-usage -fcyclomatic-complexity -MMD -MP -MF"Core/Src/tim.d" -MT"Core/Src/tim.o" --specs=nano.specs -mfpu=fpv4-sp-d16 -mfloat-abi=hard -mthumb -o "Core/Src/tim.o"
arm-none-eabi-gcc "../Core/Src/usart.c" -mcpu=cortex-m4 -std=gnu11 -g3 -DDEBUG -DUSE_FULL_LL_DRIVER -DSTM32F405xx -DFLASH_MBS_CFG -DLM_IQ_MATH -DUSE_FULL_ASSERT -DGHT_VENT_3 -DMB1_MODE=MB_RTU_SLAVE -DMB1_ADR=1 -DMB1_PARITY=0 -DMB1_SPEED=1152 -DMB1_STOPBIT=1 -DMB2 -DMB2_ADR=2 -DMB2_SPEED=192 -DMB2_PARITY=2 -DMB2_STOPBIT=1 -DMB2_MODE=MB_RTU_SLAVE -DUSE_HAL_DRIVER -DMB_UNLOCK_LIB -c -I../.. -I../../mbs_drivers -I../Drivers/CMSIS/Include -I../../boards/ght_vent_3/inc -I../Drivers/STM32F4xx_HAL_Driver/Inc -I../Core/Inc -I../Drivers/CMSIS/Device/ST/STM32F4xx/Include -I../. -I../../../Common -I../Drivers/STM32F4xx_HAL_Driver/Inc/Legacy -O0 -ffunction-sections -fdata-sections -Wall -fstack-usage -fcyclomatic-complexity -MMD -MP -MF"Core/Src/usart.d" -MT"Core/Src/usart.o" --specs=nano.specs -mfpu=fpv4-sp-d16 -mfloat-abi=hard -mthumb -o "Core/Src/usart.o"
arm-none-eabi-gcc -o "prj_ght_vent_3.elf" @"objects.list"   -mcpu=cortex-m4 -T"C:\Rep\MexBiosDevelopmentStudio_LL_STM32CubeIDE\Libraries\STM32F4XX\prj_ght_vent_3\STM32F405RGTX_FLASH.ld" --specs=nosys.specs -Wl,-Map="prj_ght_vent_3.map" -Wl,--gc-sections -static ../../libSTM32F4XX.a ../../libkernel_m4f.a ../../libuip_m4f.a ../../libIQmathLib-cm4f.a --specs=nano.specs -mfpu=fpv4-sp-d16 -mfloat-abi=hard -mthumb -Wl,--start-group -lc -lm -Wl,--end-group
Finished building target: prj_ght_vent_3.elf
 
arm-none-eabi-size   prj_ght_vent_3.elf 
arm-none-eabi-objdump -h -S  prj_ght_vent_3.elf  > "prj_ght_vent_3.list"
arm-none-eabi-objcopy  -O ihex  prj_ght_vent_3.elf  "prj_ght_vent_3.hex"
   text	   data	    bss	    dec	    hex	filename
 306340	     56	   3254	 309650	  4b992	prj_ght_vent_3.elf
Finished building: default.size.stdout
 
Finished building: prj_ght_vent_3.hex
 
Finished building: prj_ght_vent_3.list
 

07:15:28 Build Finished. 0 errors, 2 warnings. (took 8s.989ms)

