C:/Users/Tik/stm/UART_JOB/Drivers/CMSIS/Include/core_cm4.h:1657:22:__NVIC_SetPriorityGrouping	24	static
C:/Users/Tik/stm/UART_JOB/Drivers/CMSIS/Include/core_cm4.h:1676:26:__NVIC_GetPriorityGrouping	4	static
C:/Users/Tik/stm/UART_JOB/Drivers/CMSIS/Include/core_cm4.h:1816:22:__NVIC_SetPriority	16	static
C:/Users/Tik/stm/UART_JOB/Drivers/CMSIS/Include/core_cm4.h:1863:26:NVIC_EncodePriority	40	static
C:/Users/Tik/stm/UART_JOB/Drivers/STM32F4xx_HAL_Driver/Inc/stm32f4xx_ll_rcc.h:2987:22:LL_RCC_HSI_Enable	4	static
C:/Users/Tik/stm/UART_JOB/Drivers/STM32F4xx_HAL_Driver/Inc/stm32f4xx_ll_rcc.h:3033:22:LL_RCC_HSI_SetCalibTrimming	16	static
C:/Users/Tik/stm/UART_JOB/Drivers/STM32F4xx_HAL_Driver/Inc/stm32f4xx_ll_rcc.h:3188:22:LL_RCC_SetSysClkSource	16	static
C:/Users/Tik/stm/UART_JOB/Drivers/STM32F4xx_HAL_Driver/Inc/stm32f4xx_ll_rcc.h:3204:26:LL_RCC_GetSysClkSource	4	static
C:/Users/Tik/stm/UART_JOB/Drivers/STM32F4xx_HAL_Driver/Inc/stm32f4xx_ll_rcc.h:3224:22:LL_RCC_SetAHBPrescaler	16	static
C:/Users/Tik/stm/UART_JOB/Drivers/STM32F4xx_HAL_Driver/Inc/stm32f4xx_ll_rcc.h:3240:22:LL_RCC_SetAPB1Prescaler	16	static
C:/Users/Tik/stm/UART_JOB/Drivers/STM32F4xx_HAL_Driver/Inc/stm32f4xx_ll_rcc.h:3256:22:LL_RCC_SetAPB2Prescaler	16	static
C:/Users/Tik/stm/UART_JOB/Drivers/STM32F4xx_HAL_Driver/Inc/stm32f4xx_ll_bus.h:409:22:LL_AHB1_GRP1_EnableClock	24	static
C:/Users/Tik/stm/UART_JOB/Drivers/STM32F4xx_HAL_Driver/Inc/stm32f4xx_ll_bus.h:1185:22:LL_APB1_GRP1_EnableClock	24	static
C:/Users/Tik/stm/UART_JOB/Drivers/STM32F4xx_HAL_Driver/Inc/stm32f4xx_ll_bus.h:1704:22:LL_APB2_GRP1_EnableClock	24	static
C:/Users/Tik/stm/UART_JOB/Drivers/STM32F4xx_HAL_Driver/Inc/stm32f4xx_ll_system.h:1543:22:LL_FLASH_SetLatency	16	static
C:/Users/Tik/stm/UART_JOB/Drivers/STM32F4xx_HAL_Driver/Inc/stm32f4xx_ll_system.h:1569:26:LL_FLASH_GetLatency	4	static
C:/Users/Tik/stm/UART_JOB/Drivers/STM32F4xx_HAL_Driver/Inc/stm32f4xx_ll_pwr.h:505:22:LL_PWR_SetRegulVoltageScaling	16	static
C:/Users/Tik/stm/UART_JOB/Drivers/STM32F4xx_HAL_Driver/Inc/stm32f4xx_ll_usart.h:410:22:LL_USART_Enable	16	static
C:/Users/Tik/stm/UART_JOB/Drivers/STM32F4xx_HAL_Driver/Inc/stm32f4xx_ll_usart.h:561:22:LL_USART_SetWakeUpMethod	16	static
C:/Users/Tik/stm/UART_JOB/Drivers/STM32F4xx_HAL_Driver/Inc/stm32f4xx_ll_usart.h:1479:22:LL_USART_ConfigAsyncMode	16	static
C:/Users/Tik/stm/UART_JOB/Drivers/STM32F4xx_HAL_Driver/Inc/stm32f4xx_ll_usart.h:1714:22:LL_USART_ConfigMultiProcessMode	16	static
C:/Users/Tik/stm/UART_JOB/Drivers/STM32F4xx_HAL_Driver/Inc/stm32f4xx_ll_usart.h:1792:26:LL_USART_IsActiveFlag_RXNE	16	static
C:/Users/Tik/stm/UART_JOB/Drivers/STM32F4xx_HAL_Driver/Inc/stm32f4xx_ll_usart.h:1803:26:LL_USART_IsActiveFlag_TC	16	static
C:/Users/Tik/stm/UART_JOB/Drivers/STM32F4xx_HAL_Driver/Inc/stm32f4xx_ll_usart.h:1814:26:LL_USART_IsActiveFlag_TXE	16	static
C:/Users/Tik/stm/UART_JOB/Drivers/STM32F4xx_HAL_Driver/Inc/stm32f4xx_ll_usart.h:2403:25:LL_USART_ReceiveData8	16	static
C:/Users/Tik/stm/UART_JOB/Drivers/STM32F4xx_HAL_Driver/Inc/stm32f4xx_ll_usart.h:2426:22:LL_USART_TransmitData8	16	static
C:/Users/Tik/stm/UART_JOB/Core/Src/main.c:69:5:main	16	static
C:/Users/Tik/stm/UART_JOB/Core/Src/main.c:126:6:SystemClock_Config	8	static
C:/Users/Tik/stm/UART_JOB/Core/Src/main.c:157:13:MX_USART1_UART_Init	64	static
C:/Users/Tik/stm/UART_JOB/Core/Src/main.c:208:13:MX_USART2_UART_Init	64	static
C:/Users/Tik/stm/UART_JOB/Core/Src/main.c:259:13:MX_USART3_UART_Init	64	static
C:/Users/Tik/stm/UART_JOB/Core/Src/main.c:310:13:MX_GPIO_Init	8	static
C:/Users/Tik/stm/UART_JOB/Core/Src/main.c:328:13:MX_UART_Init	64	static
C:/Users/Tik/stm/UART_JOB/Core/Src/main.c:357:6:uart_transmit_data	24	static
C:/Users/Tik/stm/UART_JOB/Core/Src/main.c:365:6:usart_send_string	16	static
C:/Users/Tik/stm/UART_JOB/Core/Src/main.c:369:6:usart_receive	24	static
C:/Users/Tik/stm/UART_JOB/Core/Src/main.c:386:6:Error_Handler	4	static
