C:/Users/Tik/stm/UART_JOB/Drivers/STM32F4xx_HAL_Driver/Src/stm32f4xx_hal_timebase_rtc_wakeup_template.c:103:19:HAL_InitTick	88	static
C:/Users/Tik/stm/UART_JOB/Drivers/STM32F4xx_HAL_Driver/Src/stm32f4xx_hal_timebase_rtc_wakeup_template.c:238:6:HAL_SuspendTick	4	static
C:/Users/Tik/stm/UART_JOB/Drivers/STM32F4xx_HAL_Driver/Src/stm32f4xx_hal_timebase_rtc_wakeup_template.c:253:6:HAL_ResumeTick	4	static
C:/Users/Tik/stm/UART_JOB/Drivers/STM32F4xx_HAL_Driver/Src/stm32f4xx_hal_timebase_rtc_wakeup_template.c:271:6:HAL_RTCEx_WakeUpTimerEventCallback	16	static
C:/Users/Tik/stm/UART_JOB/Drivers/STM32F4xx_HAL_Driver/Src/stm32f4xx_hal_timebase_rtc_wakeup_template.c:280:6:RTC_WKUP_IRQHandler	8	static
