C:/Users/Tik/stm/UART_JOB/Drivers/STM32F4xx_HAL_Driver/Inc/stm32f4xx_ll_rcc.h:2987:22:LL_RCC_HSI_Enable	4	static
C:/Users/Tik/stm/UART_JOB/Drivers/STM32F4xx_HAL_Driver/Inc/stm32f4xx_ll_rcc.h:3007:26:LL_RCC_HSI_IsReady	4	static
C:/Users/Tik/stm/UART_JOB/Drivers/STM32F4xx_HAL_Driver/Inc/stm32f4xx_ll_rcc.h:3033:22:LL_RCC_HSI_SetCalibTrimming	16	static
C:/Users/Tik/stm/UART_JOB/Drivers/STM32F4xx_HAL_Driver/Inc/stm32f4xx_ll_rcc.h:3188:22:LL_RCC_SetSysClkSource	16	static
C:/Users/Tik/stm/UART_JOB/Drivers/STM32F4xx_HAL_Driver/Inc/stm32f4xx_ll_rcc.h:3204:26:LL_RCC_GetSysClkSource	4	static
C:/Users/Tik/stm/UART_JOB/Drivers/STM32F4xx_HAL_Driver/Inc/stm32f4xx_ll_rcc.h:3224:22:LL_RCC_SetAHBPrescaler	16	static
C:/Users/Tik/stm/UART_JOB/Drivers/STM32F4xx_HAL_Driver/Inc/stm32f4xx_ll_rcc.h:3240:22:LL_RCC_SetAPB1Prescaler	16	static
C:/Users/Tik/stm/UART_JOB/Drivers/STM32F4xx_HAL_Driver/Inc/stm32f4xx_ll_rcc.h:3256:22:LL_RCC_SetAPB2Prescaler	16	static
C:/Users/Tik/stm/UART_JOB/Drivers/STM32F4xx_HAL_Driver/Inc/stm32f4xx_ll_bus.h:409:22:LL_AHB1_GRP1_EnableClock	24	static
C:/Users/Tik/stm/UART_JOB/Drivers/STM32F4xx_HAL_Driver/Inc/stm32f4xx_ll_bus.h:1704:22:LL_APB2_GRP1_EnableClock	24	static
C:/Users/Tik/stm/UART_JOB/Drivers/STM32F4xx_HAL_Driver/Inc/stm32f4xx_ll_system.h:1543:22:LL_FLASH_SetLatency	16	static
C:/Users/Tik/stm/UART_JOB/Drivers/STM32F4xx_HAL_Driver/Inc/stm32f4xx_ll_system.h:1569:26:LL_FLASH_GetLatency	4	static
C:/Users/Tik/stm/UART_JOB/Drivers/STM32F4xx_HAL_Driver/Inc/stm32f4xx_ll_pwr.h:505:22:LL_PWR_SetRegulVoltageScaling	16	static
C:/Users/Tik/stm/UART_JOB/Drivers/STM32F4xx_HAL_Driver/Inc/stm32f4xx_ll_usart.h:410:22:LL_USART_Enable	16	static
C:/Users/Tik/stm/UART_JOB/Drivers/STM32F4xx_HAL_Driver/Inc/stm32f4xx_ll_usart.h:561:22:LL_USART_SetWakeUpMethod	16	static
C:/Users/Tik/stm/UART_JOB/Drivers/STM32F4xx_HAL_Driver/Inc/stm32f4xx_ll_usart.h:1714:22:LL_USART_ConfigMultiProcessMode	16	static
C:/Users/Tik/stm/UART_JOB/Drivers/STM32F4xx_HAL_Driver/Inc/stm32f4xx_ll_usart.h:2426:22:LL_USART_TransmitData8	16	static
C:/Users/Tik/stm/UART_JOB/Core/Src/main.c:67:5:main	16	static
C:/Users/Tik/stm/UART_JOB/Core/Src/main.c:116:6:SystemClock_Config	8	static
C:/Users/Tik/stm/UART_JOB/Core/Src/main.c:155:13:MX_SPI1_Init	8	static
C:/Users/Tik/stm/UART_JOB/Core/Src/main.c:193:13:MX_USART1_UART_Init	64	static
C:/Users/Tik/stm/UART_JOB/Core/Src/main.c:244:13:MX_GPIO_Init	8	static
C:/Users/Tik/stm/UART_JOB/Core/Src/main.c:268:6:Error_Handler	4	static
